Java HotSpot(TM) 64-Bit Server VM (25.151-b12) for linux-amd64 JRE (1.8.0_151-b12), built on Sep  5 2017 19:20:58 by "java_re" with gcc 4.3.0 20080428 (Red Hat 4.3.0-8)
Memory: 4k page, physical 3953108k(475480k free), swap 3921916k(3601456k free)
CommandLine flags: -XX:GCLogFileSize=10485760 -XX:InitialHeapSize=268435456 -XX:MaxHeapSize=268435456 -XX:MaxNewSize=89481216 -XX:MaxTenuringThreshold=6 -XX:NewSize=89481216 -XX:OldPLABSize=16 -XX:OldSize=178954240 -XX:+PrintGC -XX:+PrintGCDetails -XX:+PrintGCTimeStamps -XX:+UseCompressedClassPointers -XX:+UseCompressedOops -XX:+UseConcMarkSweepGC -XX:+UseParNewGC 
27,573: [GC (Allocation Failure) 27,573: [ParNew: 69952K->8704K(78656K), 0,2169101 secs] 69952K->29833K(253440K), 0,2171239 secs] [Times: user=0,63 sys=0,07, real=0,22 secs] 
69,020: [GC (Allocation Failure) 69,020: [ParNew: 78656K->8704K(78656K), 0,2120943 secs] 99785K->68821K(253440K), 0,2122836 secs] [Times: user=0,58 sys=0,06, real=0,21 secs] 
108,453: [GC (Allocation Failure) 108,454: [ParNew: 78656K->8704K(78656K), 0,1788554 secs] 138773K->112541K(253440K), 0,1790265 secs] [Times: user=0,51 sys=0,04, real=0,17 secs] 
108,633: [GC (CMS Initial Mark) [1 CMS-initial-mark: 103837K(174784K)] 114240K(253440K), 0,0042278 secs] [Times: user=0,01 sys=0,00, real=0,01 secs] 
108,637: [CMS-concurrent-mark-start]
108,769: [CMS-concurrent-mark: 0,131/0,131 secs] [Times: user=0,13 sys=0,01, real=0,13 secs] 
108,769: [CMS-concurrent-preclean-start]
108,770: [CMS-concurrent-preclean: 0,001/0,001 secs] [Times: user=0,00 sys=0,00, real=0,00 secs] 
108,770: [GC (CMS Final Remark) [YG occupancy: 10402 K (78656 K)]108,770: [Rescan (parallel) , 0,0059713 secs]108,776: [weak refs processing, 0,0000323 secs]108,776: [class unloading, 0,0019369 secs]108,778: [scrub symbol table, 0,0007733 secs]108,779: [scrub string table, 0,0002894 secs][1 CMS-remark: 103837K(174784K)] 114240K(253440K), 0,0093796 secs] [Times: user=0,02 sys=0,00, real=0,01 secs] 
108,779: [CMS-concurrent-sweep-start]
108,841: [CMS-concurrent-sweep: 0,061/0,061 secs] [Times: user=0,06 sys=0,00, real=0,06 secs] 
108,841: [CMS-concurrent-reset-start]
108,842: [CMS-concurrent-reset: 0,001/0,001 secs] [Times: user=0,00 sys=0,00, real=0,00 secs] 
110,842: [GC (CMS Initial Mark) [1 CMS-initial-mark: 98680K(174784K)] 111568K(253440K), 0,0192372 secs] [Times: user=0,07 sys=0,00, real=0,02 secs] 
110,861: [CMS-concurrent-mark-start]
111,061: [CMS-concurrent-mark: 0,200/0,200 secs] [Times: user=0,20 sys=0,00, real=0,20 secs] 
111,061: [CMS-concurrent-preclean-start]
111,062: [CMS-concurrent-preclean: 0,001/0,001 secs] [Times: user=0,01 sys=0,00, real=0,00 secs] 
111,062: [CMS-concurrent-abortable-preclean-start]
 CMS: abort preclean due to time 116,250: [CMS-concurrent-abortable-preclean: 4,176/5,189 secs] [Times: user=4,37 sys=0,00, real=5,19 secs] 
116,250: [GC (CMS Final Remark) [YG occupancy: 20026 K (78656 K)]116,251: [Rescan (parallel) , 0,0110091 secs]116,262: [weak refs processing, 0,0000223 secs]116,262: [class unloading, 0,0017958 secs]116,264: [scrub symbol table, 0,0007895 secs]116,264: [scrub string table, 0,0003789 secs][1 CMS-remark: 98680K(174784K)] 118707K(253440K), 0,0143337 secs] [Times: user=0,04 sys=0,00, real=0,01 secs] 
116,265: [CMS-concurrent-sweep-start]
116,331: [CMS-concurrent-sweep: 0,066/0,066 secs] [Times: user=0,07 sys=0,00, real=0,07 secs] 
116,331: [CMS-concurrent-reset-start]
116,331: [CMS-concurrent-reset: 0,000/0,000 secs] [Times: user=0,00 sys=0,00, real=0,00 secs] 
118,331: [GC (CMS Initial Mark) [1 CMS-initial-mark: 98679K(174784K)] 122435K(253440K), 0,0303455 secs] [Times: user=0,11 sys=0,00, real=0,03 secs] 
118,362: [CMS-concurrent-mark-start]
118,553: [CMS-concurrent-mark: 0,192/0,192 secs] [Times: user=0,19 sys=0,00, real=0,19 secs] 
118,553: [CMS-concurrent-preclean-start]
118,554: [CMS-concurrent-preclean: 0,001/0,001 secs] [Times: user=0,00 sys=0,00, real=0,00 secs] 
118,554: [CMS-concurrent-abortable-preclean-start]
 CMS: abort preclean due to time 123,842: [CMS-concurrent-abortable-preclean: 4,239/5,288 secs] [Times: user=4,28 sys=0,00, real=5,28 secs] 
123,843: [GC (CMS Final Remark) [YG occupancy: 31840 K (78656 K)]123,843: [Rescan (parallel) , 0,0138833 secs]123,857: [weak refs processing, 0,0000364 secs]123,857: [class unloading, 0,0020121 secs]123,859: [scrub symbol table, 0,0006625 secs]123,859: [scrub string table, 0,0002852 secs][1 CMS-remark: 98679K(174784K)] 130520K(253440K), 0,0170873 secs] [Times: user=0,06 sys=0,00, real=0,02 secs] 
123,860: [CMS-concurrent-sweep-start]
123,920: [CMS-concurrent-sweep: 0,061/0,061 secs] [Times: user=0,06 sys=0,00, real=0,06 secs] 
123,920: [CMS-concurrent-reset-start]
123,921: [CMS-concurrent-reset: 0,000/0,000 secs] [Times: user=0,00 sys=0,00, real=0,00 secs] 
125,920: [GC (CMS Initial Mark) [1 CMS-initial-mark: 98679K(174784K)] 134249K(253440K), 0,0235145 secs] [Times: user=0,09 sys=0,00, real=0,02 secs] 
125,944: [CMS-concurrent-mark-start]
126,074: [CMS-concurrent-mark: 0,130/0,130 secs] [Times: user=0,12 sys=0,00, real=0,14 secs] 
126,074: [CMS-concurrent-preclean-start]
126,075: [CMS-concurrent-preclean: 0,001/0,001 secs] [Times: user=0,00 sys=0,00, real=0,00 secs] 
126,075: [CMS-concurrent-abortable-preclean-start]
 CMS: abort preclean due to time 131,272: [CMS-concurrent-abortable-preclean: 4,096/5,197 secs] [Times: user=4,13 sys=0,01, real=5,19 secs] 
131,272: [GC (CMS Final Remark) [YG occupancy: 41783 K (78656 K)]131,272: [Rescan (parallel) , 0,0181700 secs]131,290: [weak refs processing, 0,0000210 secs]131,290: [class unloading, 0,0014779 secs]131,292: [scrub symbol table, 0,0007855 secs]131,292: [scrub string table, 0,0002980 secs][1 CMS-remark: 98679K(174784K)] 140463K(253440K), 0,0209424 secs] [Times: user=0,07 sys=0,00, real=0,02 secs] 
131,293: [CMS-concurrent-sweep-start]
131,353: [CMS-concurrent-sweep: 0,060/0,060 secs] [Times: user=0,06 sys=0,00, real=0,06 secs] 
131,353: [CMS-concurrent-reset-start]
131,354: [CMS-concurrent-reset: 0,000/0,000 secs] [Times: user=0,00 sys=0,00, real=0,01 secs] 
133,354: [GC (CMS Initial Mark) [1 CMS-initial-mark: 98679K(174784K)] 144192K(253440K), 0,0368738 secs] [Times: user=0,14 sys=0,00, real=0,03 secs] 
133,391: [CMS-concurrent-mark-start]
133,533: [CMS-concurrent-mark: 0,143/0,143 secs] [Times: user=0,14 sys=0,00, real=0,14 secs] 
133,533: [CMS-concurrent-preclean-start]
133,534: [CMS-concurrent-preclean: 0,001/0,001 secs] [Times: user=0,00 sys=0,00, real=0,01 secs] 
133,534: [CMS-concurrent-abortable-preclean-start]
 CMS: abort preclean due to time 138,873: [CMS-concurrent-abortable-preclean: 4,237/5,339 secs] [Times: user=4,27 sys=0,00, real=5,33 secs] 
138,873: [GC (CMS Final Remark) [YG occupancy: 54030 K (78656 K)]138,873: [Rescan (parallel) , 0,0228970 secs]138,896: [weak refs processing, 0,0000503 secs]138,896: [class unloading, 0,0018519 secs]138,898: [scrub symbol table, 0,0006959 secs]138,898: [scrub string table, 0,0003066 secs][1 CMS-remark: 98679K(174784K)] 152709K(253440K), 0,0260011 secs] [Times: user=0,09 sys=0,00, real=0,03 secs] 
138,899: [CMS-concurrent-sweep-start]
138,961: [CMS-concurrent-sweep: 0,062/0,062 secs] [Times: user=0,07 sys=0,00, real=0,06 secs] 
138,961: [CMS-concurrent-reset-start]
138,961: [CMS-concurrent-reset: 0,000/0,000 secs] [Times: user=0,00 sys=0,00, real=0,00 secs] 
140,961: [GC (CMS Initial Mark) [1 CMS-initial-mark: 98344K(174784K)] 156421K(253440K), 0,0578867 secs] [Times: user=0,21 sys=0,00, real=0,06 secs] 
141,019: [CMS-concurrent-mark-start]
141,180: [CMS-concurrent-mark: 0,161/0,161 secs] [Times: user=0,16 sys=0,00, real=0,16 secs] 
141,180: [CMS-concurrent-preclean-start]
141,181: [CMS-concurrent-preclean: 0,001/0,001 secs] [Times: user=0,00 sys=0,00, real=0,00 secs] 
141,181: [CMS-concurrent-abortable-preclean-start]
 CMS: abort preclean due to time 146,554: [CMS-concurrent-abortable-preclean: 4,271/5,373 secs] [Times: user=4,30 sys=0,01, real=5,38 secs] 
146,554: [GC (CMS Final Remark) [YG occupancy: 64291 K (78656 K)]146,554: [Rescan (parallel) , 0,0306100 secs]146,585: [weak refs processing, 0,0000206 secs]146,585: [class unloading, 0,0015294 secs]146,586: [scrub symbol table, 0,0006933 secs]146,587: [scrub string table, 0,0002825 secs][1 CMS-remark: 98344K(174784K)] 162635K(253440K), 0,0333934 secs] [Times: user=0,11 sys=0,00, real=0,03 secs] 
146,587: [CMS-concurrent-sweep-start]
146,648: [CMS-concurrent-sweep: 0,061/0,061 secs] [Times: user=0,06 sys=0,00, real=0,06 secs] 
146,648: [CMS-concurrent-reset-start]
146,649: [CMS-concurrent-reset: 0,000/0,000 secs] [Times: user=0,00 sys=0,00, real=0,00 secs] 
146,780: [GC (Allocation Failure) 146,780: [ParNew: 65534K->8704K(78656K), 0,1591321 secs] 163878K->138879K(253440K), 0,1593251 secs] [Times: user=0,52 sys=0,02, real=0,16 secs] 
146,944: [GC (CMS Initial Mark) [1 CMS-initial-mark: 130175K(174784K)] 159655K(253440K), 0,0236304 secs] [Times: user=0,04 sys=0,00, real=0,03 secs] 
146,968: [CMS-concurrent-mark-start]
147,175: [CMS-concurrent-mark: 0,207/0,207 secs] [Times: user=0,22 sys=0,01, real=0,21 secs] 
147,175: [CMS-concurrent-preclean-start]
147,175: [CMS-concurrent-preclean: 0,001/0,001 secs] [Times: user=0,00 sys=0,00, real=0,00 secs] 
147,175: [CMS-concurrent-abortable-preclean-start]
 CMS: abort preclean due to time 152,270: [CMS-concurrent-abortable-preclean: 3,794/5,094 secs] [Times: user=3,81 sys=0,00, real=5,09 secs] 
152,270: [GC (CMS Final Remark) [YG occupancy: 37449 K (78656 K)]152,270: [Rescan (parallel) , 0,0557221 secs]152,326: [weak refs processing, 0,0000319 secs]152,326: [class unloading, 0,0015302 secs]152,327: [scrub symbol table, 0,0007251 secs]152,328: [scrub string table, 0,0002831 secs][1 CMS-remark: 130175K(174784K)] 167624K(253440K), 0,0585232 secs] [Times: user=0,21 sys=0,00, real=0,06 secs] 
152,329: [CMS-concurrent-sweep-start]
152,413: [CMS-concurrent-sweep: 0,085/0,085 secs] [Times: user=0,08 sys=0,00, real=0,08 secs] 
152,413: [CMS-concurrent-reset-start]
152,414: [CMS-concurrent-reset: 0,000/0,000 secs] [Times: user=0,00 sys=0,00, real=0,01 secs] 
154,413: [GC (CMS Initial Mark) [1 CMS-initial-mark: 130121K(174784K)] 171535K(253440K), 0,0731783 secs] [Times: user=0,13 sys=0,00, real=0,08 secs] 
154,487: [CMS-concurrent-mark-start]
154,683: [CMS-concurrent-mark: 0,197/0,197 secs] [Times: user=0,19 sys=0,00, real=0,19 secs] 
154,684: [CMS-concurrent-preclean-start]
154,684: [CMS-concurrent-preclean: 0,001/0,001 secs] [Times: user=0,00 sys=0,00, real=0,00 secs] 
154,684: [CMS-concurrent-abortable-preclean-start]
157,105: [CMS-concurrent-abortable-preclean: 1,720/2,421 secs] [Times: user=1,74 sys=0,00, real=2,43 secs] 
157,106: [GC (CMS Final Remark) [YG occupancy: 45401 K (78656 K)]157,106: [Rescan (parallel) , 0,0543497 secs]157,160: [weak refs processing, 0,0000198 secs]157,160: [class unloading, 0,0015403 secs]157,162: [scrub symbol table, 0,0007228 secs]157,163: [scrub string table, 0,0002847 secs][1 CMS-remark: 130121K(174784K)] 175522K(253440K), 0,0570890 secs] [Times: user=0,22 sys=0,00, real=0,05 secs] 
157,163: [CMS-concurrent-sweep-start]
157,247: [CMS-concurrent-sweep: 0,083/0,083 secs] [Times: user=0,08 sys=0,00, real=0,09 secs] 
157,247: [CMS-concurrent-reset-start]
157,247: [CMS-concurrent-reset: 0,000/0,000 secs] [Times: user=0,00 sys=0,00, real=0,00 secs] 
159,247: [GC (CMS Initial Mark) [1 CMS-initial-mark: 119881K(174784K)] 168007K(253440K), 0,0531901 secs] [Times: user=0,09 sys=0,00, real=0,05 secs] 
159,300: [CMS-concurrent-mark-start]
159,489: [CMS-concurrent-mark: 0,189/0,189 secs] [Times: user=0,19 sys=0,00, real=0,19 secs] 
159,489: [CMS-concurrent-preclean-start]
159,490: [CMS-concurrent-preclean: 0,001/0,001 secs] [Times: user=0,00 sys=0,00, real=0,00 secs] 
159,490: [CMS-concurrent-abortable-preclean-start]
 CMS: abort preclean due to time 164,660: [CMS-concurrent-abortable-preclean: 3,868/5,170 secs] [Times: user=3,90 sys=0,00, real=5,17 secs] 
164,660: [GC (CMS Final Remark) [YG occupancy: 55881 K (78656 K)]164,660: [Rescan (parallel) , 0,0562370 secs]164,716: [weak refs processing, 0,0000225 secs]164,716: [class unloading, 0,0015438 secs]164,718: [scrub symbol table, 0,0006926 secs]164,719: [scrub string table, 0,0002709 secs][1 CMS-remark: 119881K(174784K)] 175762K(253440K), 0,0589144 secs] [Times: user=0,22 sys=0,00, real=0,06 secs] 
164,719: [CMS-concurrent-sweep-start]
164,803: [CMS-concurrent-sweep: 0,084/0,084 secs] [Times: user=0,09 sys=0,00, real=0,08 secs] 
164,803: [CMS-concurrent-reset-start]
164,803: [CMS-concurrent-reset: 0,000/0,000 secs] [Times: user=0,00 sys=0,00, real=0,00 secs] 
166,803: [GC (CMS Initial Mark) [1 CMS-initial-mark: 119881K(174784K)] 178277K(253440K), 0,0913981 secs] [Times: user=0,20 sys=0,00, real=0,10 secs] 
166,894: [CMS-concurrent-mark-start]
167,118: [CMS-concurrent-mark: 0,224/0,224 secs] [Times: user=0,23 sys=0,00, real=0,22 secs] 
167,118: [CMS-concurrent-preclean-start]
167,118: [CMS-concurrent-preclean: 0,001/0,001 secs] [Times: user=0,00 sys=0,00, real=0,00 secs] 
167,118: [CMS-concurrent-abortable-preclean-start]
 CMS: abort preclean due to time 172,213: [CMS-concurrent-abortable-preclean: 3,793/5,095 secs] [Times: user=3,82 sys=0,00, real=5,10 secs] 
172,214: [GC (CMS Final Remark) [YG occupancy: 67623 K (78656 K)]172,214: [Rescan (parallel) , 0,0593879 secs]172,273: [weak refs processing, 0,0000266 secs]172,273: [class unloading, 0,0015966 secs]172,275: [scrub symbol table, 0,0006939 secs]172,276: [scrub string table, 0,0002771 secs][1 CMS-remark: 119881K(174784K)] 187504K(253440K), 0,0621751 secs] [Times: user=0,23 sys=0,00, real=0,06 secs] 
172,276: [CMS-concurrent-sweep-start]
172,360: [CMS-concurrent-sweep: 0,084/0,084 secs] [Times: user=0,09 sys=0,00, real=0,08 secs] 
172,360: [CMS-concurrent-reset-start]
172,360: [CMS-concurrent-reset: 0,000/0,000 secs] [Times: user=0,00 sys=0,00, real=0,00 secs] 
174,360: [GC (CMS Initial Mark) [1 CMS-initial-mark: 119880K(174784K)] 190018K(253440K), 0,1277046 secs] [Times: user=0,31 sys=0,00, real=0,13 secs] 
174,488: [CMS-concurrent-mark-start]
174,706: [CMS-concurrent-mark: 0,219/0,219 secs] [Times: user=0,22 sys=0,01, real=0,22 secs] 
174,707: [CMS-concurrent-preclean-start]
174,707: [CMS-concurrent-preclean: 0,001/0,001 secs] [Times: user=0,00 sys=0,00, real=0,00 secs] 
174,707: [CMS-concurrent-abortable-preclean-start]
 CMS: abort preclean due to time 179,748: [CMS-concurrent-abortable-preclean: 3,739/5,040 secs] [Times: user=3,78 sys=0,00, real=5,04 secs] 
179,748: [GC (CMS Final Remark) [YG occupancy: 78107 K (78656 K)]179,748: [Rescan (parallel) , 0,0634251 secs]179,811: [weak refs processing, 0,0000269 secs]179,811: [class unloading, 0,0014793 secs]179,813: [scrub symbol table, 0,0007463 secs]179,814: [scrub string table, 0,0002748 secs][1 CMS-remark: 119880K(174784K)] 197987K(253440K), 0,0661055 secs] [Times: user=0,26 sys=0,00, real=0,07 secs] 
179,814: [CMS-concurrent-sweep-start]
179,898: [CMS-concurrent-sweep: 0,084/0,084 secs] [Times: user=0,08 sys=0,00, real=0,08 secs] 
179,898: [CMS-concurrent-reset-start]
179,899: [CMS-concurrent-reset: 0,000/0,000 secs] [Times: user=0,00 sys=0,00, real=0,00 secs] 
181,089: [GC (Allocation Failure) 181,089: [ParNew: 78656K->8704K(78656K), 0,1935598 secs] 198536K->177372K(253440K), 0,1938187 secs] [Times: user=0,57 sys=0,05, real=0,19 secs] 
181,285: [GC (CMS Initial Mark) [1 CMS-initial-mark: 168668K(174784K)] 178862K(253440K), 0,0059252 secs] [Times: user=0,02 sys=0,00, real=0,01 secs] 
181,291: [CMS-concurrent-mark-start]
181,483: [CMS-concurrent-mark: 0,192/0,192 secs] [Times: user=0,19 sys=0,00, real=0,19 secs] 
181,483: [CMS-concurrent-preclean-start]
181,483: [CMS-concurrent-preclean: 0,001/0,001 secs] [Times: user=0,00 sys=0,00, real=0,00 secs] 
181,484: [GC (CMS Final Remark) [YG occupancy: 10193 K (78656 K)]181,484: [Rescan (parallel) , 0,0054438 secs]181,489: [weak refs processing, 0,0000200 secs]181,489: [class unloading, 0,0022018 secs]181,491: [scrub symbol table, 0,0011003 secs]181,492: [scrub string table, 0,0005482 secs][1 CMS-remark: 168668K(174784K)] 178862K(253440K), 0,0095117 secs] [Times: user=0,02 sys=0,00, real=0,01 secs] 
181,493: [CMS-concurrent-sweep-start]
181,599: [CMS-concurrent-sweep: 0,105/0,105 secs] [Times: user=0,10 sys=0,00, real=0,11 secs] 
181,599: [CMS-concurrent-reset-start]
181,599: [CMS-concurrent-reset: 0,000/0,000 secs] [Times: user=0,00 sys=0,00, real=0,00 secs] 
183,879: [GC (CMS Initial Mark) [1 CMS-initial-mark: 168668K(174784K)] 183180K(253440K), 0,0212111 secs] [Times: user=0,06 sys=0,00, real=0,02 secs] 
183,900: [CMS-concurrent-mark-start]
184,132: [CMS-concurrent-mark: 0,232/0,232 secs] [Times: user=0,23 sys=0,00, real=0,23 secs] 
184,132: [CMS-concurrent-preclean-start]
184,133: [CMS-concurrent-preclean: 0,001/0,001 secs] [Times: user=0,01 sys=0,00, real=0,00 secs] 
184,133: [CMS-concurrent-abortable-preclean-start]
184,133: [CMS-concurrent-abortable-preclean: 0,000/0,000 secs] [Times: user=0,00 sys=0,00, real=0,00 secs] 
184,133: [GC (CMS Final Remark) [YG occupancy: 14511 K (78656 K)]184,133: [Rescan (parallel) , 0,0080254 secs]184,141: [weak refs processing, 0,0000181 secs]184,141: [class unloading, 0,0016145 secs]184,142: [scrub symbol table, 0,0007692 secs]184,143: [scrub string table, 0,0002889 secs][1 CMS-remark: 168668K(174784K)] 183180K(253440K), 0,0108459 secs] [Times: user=0,02 sys=0,00, real=0,01 secs] 
184,144: [CMS-concurrent-sweep-start]
184,252: [CMS-concurrent-sweep: 0,109/0,109 secs] [Times: user=0,11 sys=0,00, real=0,11 secs] 
184,253: [CMS-concurrent-reset-start]
184,253: [CMS-concurrent-reset: 0,000/0,000 secs] [Times: user=0,00 sys=0,00, real=0,01 secs] 
186,253: [GC (CMS Initial Mark) [1 CMS-initial-mark: 168668K(174784K)] 185771K(253440K), 0,0212481 secs] [Times: user=0,07 sys=0,00, real=0,03 secs] 
186,274: [CMS-concurrent-mark-start]
186,506: [CMS-concurrent-mark: 0,231/0,231 secs] [Times: user=0,23 sys=0,00, real=0,23 secs] 
186,506: [CMS-concurrent-preclean-start]
186,507: [CMS-concurrent-preclean: 0,001/0,001 secs] [Times: user=0,01 sys=0,00, real=0,00 secs] 
186,507: [CMS-concurrent-abortable-preclean-start]
186,507: [CMS-concurrent-abortable-preclean: 0,000/0,000 secs] [Times: user=0,00 sys=0,00, real=0,00 secs] 
186,507: [GC (CMS Final Remark) [YG occupancy: 18397 K (78656 K)]186,507: [Rescan (parallel) , 0,0085327 secs]186,516: [weak refs processing, 0,0000195 secs]186,516: [class unloading, 0,0015749 secs]186,517: [scrub symbol table, 0,0007058 secs]186,518: [scrub string table, 0,0002837 secs][1 CMS-remark: 168668K(174784K)] 187066K(253440K), 0,0113035 secs] [Times: user=0,03 sys=0,00, real=0,01 secs] 
186,518: [CMS-concurrent-sweep-start]
186,623: [CMS-concurrent-sweep: 0,104/0,104 secs] [Times: user=0,11 sys=0,00, real=0,10 secs] 
186,623: [CMS-concurrent-reset-start]
186,623: [CMS-concurrent-reset: 0,000/0,000 secs] [Times: user=0,00 sys=0,00, real=0,00 secs] 
188,623: [GC (CMS Initial Mark) [1 CMS-initial-mark: 168668K(174784K)] 189801K(253440K), 0,0197883 secs] [Times: user=0,07 sys=0,00, real=0,02 secs] 
188,643: [CMS-concurrent-mark-start]
188,924: [CMS-concurrent-mark: 0,281/0,281 secs] [Times: user=0,28 sys=0,00, real=0,28 secs] 
188,924: [CMS-concurrent-preclean-start]
188,924: [CMS-concurrent-preclean: 0,001/0,001 secs] [Times: user=0,00 sys=0,00, real=0,00 secs] 
188,924: [CMS-concurrent-abortable-preclean-start]
188,924: [CMS-concurrent-abortable-preclean: 0,000/0,000 secs] [Times: user=0,00 sys=0,00, real=0,00 secs] 
188,925: [GC (CMS Final Remark) [YG occupancy: 21132 K (78656 K)]188,925: [Rescan (parallel) , 0,0101502 secs]188,935: [weak refs processing, 0,0000587 secs]188,935: [class unloading, 0,0033641 secs]188,938: [scrub symbol table, 0,0011517 secs]188,940: [scrub string table, 0,0003753 secs][1 CMS-remark: 168668K(174784K)] 189801K(253440K), 0,0153328 secs] [Times: user=0,04 sys=0,00, real=0,02 secs] 
188,940: [CMS-concurrent-sweep-start]
189,042: [CMS-concurrent-sweep: 0,102/0,102 secs] [Times: user=0,11 sys=0,00, real=0,10 secs] 
189,043: [CMS-concurrent-reset-start]
189,043: [CMS-concurrent-reset: 0,000/0,000 secs] [Times: user=0,00 sys=0,00, real=0,00 secs] 
191,042: [GC (CMS Initial Mark) [1 CMS-initial-mark: 168668K(174784K)] 192536K(253440K), 0,0227040 secs] [Times: user=0,04 sys=0,00, real=0,02 secs] 
191,065: [CMS-concurrent-mark-start]
191,280: [CMS-concurrent-mark: 0,214/0,214 secs] [Times: user=0,21 sys=0,00, real=0,22 secs] 
191,280: [CMS-concurrent-preclean-start]
191,280: [CMS-concurrent-preclean: 0,001/0,001 secs] [Times: user=0,00 sys=0,00, real=0,00 secs] 
191,280: [CMS-concurrent-abortable-preclean-start]
191,281: [CMS-concurrent-abortable-preclean: 0,000/0,000 secs] [Times: user=0,00 sys=0,00, real=0,00 secs] 
191,281: [GC (CMS Final Remark) [YG occupancy: 23867 K (78656 K)]191,281: [Rescan (parallel) , 0,0104743 secs]191,291: [weak refs processing, 0,0000303 secs]191,291: [class unloading, 0,0023767 secs]191,294: [scrub symbol table, 0,0007115 secs]191,294: [scrub string table, 0,0002807 secs][1 CMS-remark: 168668K(174784K)] 192536K(253440K), 0,0140299 secs] [Times: user=0,05 sys=0,00, real=0,02 secs] 
191,295: [CMS-concurrent-sweep-start]
191,401: [CMS-concurrent-sweep: 0,106/0,106 secs] [Times: user=0,10 sys=0,00, real=0,10 secs] 
191,401: [CMS-concurrent-reset-start]
191,402: [CMS-concurrent-reset: 0,000/0,000 secs] [Times: user=0,00 sys=0,00, real=0,00 secs] 
193,401: [GC (CMS Initial Mark) [1 CMS-initial-mark: 168668K(174784K)] 196423K(253440K), 0,0362790 secs] [Times: user=0,12 sys=0,00, real=0,04 secs] 
193,438: [CMS-concurrent-mark-start]
193,684: [CMS-concurrent-mark: 0,247/0,247 secs] [Times: user=0,24 sys=0,01, real=0,24 secs] 
193,684: [CMS-concurrent-preclean-start]
193,685: [CMS-concurrent-preclean: 0,001/0,001 secs] [Times: user=0,00 sys=0,00, real=0,00 secs] 
193,685: [CMS-concurrent-abortable-preclean-start]
193,685: [CMS-concurrent-abortable-preclean: 0,000/0,000 secs] [Times: user=0,00 sys=0,00, real=0,00 secs] 
193,686: [GC (CMS Final Remark) [YG occupancy: 27754 K (78656 K)]193,686: [Rescan (parallel) , 0,0125163 secs]193,698: [weak refs processing, 0,0000300 secs]193,698: [class unloading, 0,0036042 secs]193,702: [scrub symbol table, 0,0007137 secs]193,703: [scrub string table, 0,0002891 secs][1 CMS-remark: 168668K(174784K)] 196423K(253440K), 0,0174235 secs] [Times: user=0,06 sys=0,00, real=0,01 secs] 
193,703: [CMS-concurrent-sweep-start]
193,809: [CMS-concurrent-sweep: 0,106/0,106 secs] [Times: user=0,10 sys=0,00, real=0,11 secs] 
193,809: [CMS-concurrent-reset-start]
193,810: [CMS-concurrent-reset: 0,000/0,000 secs] [Times: user=0,00 sys=0,00, real=0,00 secs] 
195,810: [GC (CMS Initial Mark) [1 CMS-initial-mark: 168668K(174784K)] 200940K(253440K), 0,0248649 secs] [Times: user=0,08 sys=0,00, real=0,03 secs] 
195,835: [CMS-concurrent-mark-start]
196,032: [CMS-concurrent-mark: 0,197/0,197 secs] [Times: user=0,20 sys=0,00, real=0,19 secs] 
196,032: [CMS-concurrent-preclean-start]
196,033: [CMS-concurrent-preclean: 0,001/0,001 secs] [Times: user=0,00 sys=0,00, real=0,00 secs] 
196,033: [CMS-concurrent-abortable-preclean-start]
196,033: [CMS-concurrent-abortable-preclean: 0,000/0,000 secs] [Times: user=0,00 sys=0,00, real=0,00 secs] 
196,033: [GC (CMS Final Remark) [YG occupancy: 32271 K (78656 K)]196,033: [Rescan (parallel) , 0,0138792 secs]196,047: [weak refs processing, 0,0000186 secs]196,047: [class unloading, 0,0014681 secs]196,049: [scrub symbol table, 0,0006917 secs]196,049: [scrub string table, 0,0003470 secs][1 CMS-remark: 168668K(174784K)] 200940K(253440K), 0,0165436 secs] [Times: user=0,06 sys=0,00, real=0,02 secs] 
196,050: [CMS-concurrent-sweep-start]
196,156: [CMS-concurrent-sweep: 0,106/0,106 secs] [Times: user=0,10 sys=0,00, real=0,11 secs] 
196,156: [CMS-concurrent-reset-start]
196,156: [CMS-concurrent-reset: 0,000/0,000 secs] [Times: user=0,00 sys=0,00, real=0,00 secs] 
198,155: [GC (CMS Initial Mark) [1 CMS-initial-mark: 168668K(174784K)] 203531K(253440K), 0,0192690 secs] [Times: user=0,07 sys=0,00, real=0,02 secs] 
198,175: [CMS-concurrent-mark-start]
198,360: [CMS-concurrent-mark: 0,185/0,185 secs] [Times: user=0,19 sys=0,00, real=0,18 secs] 
198,360: [CMS-concurrent-preclean-start]
198,360: [CMS-concurrent-preclean: 0,001/0,001 secs] [Times: user=0,00 sys=0,00, real=0,00 secs] 
198,360: [CMS-concurrent-abortable-preclean-start]
198,360: [CMS-concurrent-abortable-preclean: 0,000/0,000 secs] [Times: user=0,00 sys=0,00, real=0,00 secs] 
198,361: [GC (CMS Final Remark) [YG occupancy: 34862 K (78656 K)]198,361: [Rescan (parallel) , 0,0153079 secs]198,376: [weak refs processing, 0,0000183 secs]198,376: [class unloading, 0,0015030 secs]198,378: [scrub symbol table, 0,0006497 secs]198,378: [scrub string table, 0,0002888 secs][1 CMS-remark: 168668K(174784K)] 203531K(253440K), 0,0179541 secs] [Times: user=0,06 sys=0,00, real=0,02 secs] 
198,379: [CMS-concurrent-sweep-start]
198,485: [CMS-concurrent-sweep: 0,106/0,106 secs] [Times: user=0,10 sys=0,00, real=0,10 secs] 
198,485: [CMS-concurrent-reset-start]
198,486: [CMS-concurrent-reset: 0,000/0,000 secs] [Times: user=0,01 sys=0,00, real=0,01 secs] 
200,485: [GC (CMS Initial Mark) [1 CMS-initial-mark: 168668K(174784K)] 207562K(253440K), 0,0457189 secs] [Times: user=0,17 sys=0,00, real=0,05 secs] 
200,531: [CMS-concurrent-mark-start]
200,747: [CMS-concurrent-mark: 0,216/0,216 secs] [Times: user=0,21 sys=0,00, real=0,22 secs] 
200,747: [CMS-concurrent-preclean-start]
200,748: [CMS-concurrent-preclean: 0,001/0,001 secs] [Times: user=0,00 sys=0,00, real=0,00 secs] 
200,748: [CMS-concurrent-abortable-preclean-start]
200,748: [CMS-concurrent-abortable-preclean: 0,000/0,000 secs] [Times: user=0,00 sys=0,00, real=0,00 secs] 
200,748: [GC (CMS Final Remark) [YG occupancy: 38893 K (78656 K)]200,748: [Rescan (parallel) , 0,0170456 secs]200,765: [weak refs processing, 0,0000199 secs]200,765: [class unloading, 0,0014945 secs]200,767: [scrub symbol table, 0,0007282 secs]200,768: [scrub string table, 0,0002784 secs][1 CMS-remark: 168668K(174784K)] 207562K(253440K), 0,0197135 secs] [Times: user=0,07 sys=0,01, real=0,02 secs] 
200,768: [CMS-concurrent-sweep-start]
200,874: [CMS-concurrent-sweep: 0,105/0,105 secs] [Times: user=0,10 sys=0,00, real=0,11 secs] 
200,874: [CMS-concurrent-reset-start]
200,874: [CMS-concurrent-reset: 0,000/0,000 secs] [Times: user=0,00 sys=0,00, real=0,00 secs] 
202,874: [GC (CMS Initial Mark) [1 CMS-initial-mark: 168668K(174784K)] 210153K(253440K), 0,0240710 secs] [Times: user=0,09 sys=0,00, real=0,02 secs] 
202,898: [CMS-concurrent-mark-start]
203,087: [CMS-concurrent-mark: 0,189/0,189 secs] [Times: user=0,19 sys=0,00, real=0,19 secs] 
203,087: [CMS-concurrent-preclean-start]
203,087: [CMS-concurrent-preclean: 0,001/0,001 secs] [Times: user=0,00 sys=0,00, real=0,00 secs] 
203,087: [CMS-concurrent-abortable-preclean-start]
203,087: [CMS-concurrent-abortable-preclean: 0,000/0,000 secs] [Times: user=0,00 sys=0,00, real=0,00 secs] 
203,087: [GC (CMS Final Remark) [YG occupancy: 41628 K (78656 K)]203,087: [Rescan (parallel) , 0,0184123 secs]203,106: [weak refs processing, 0,0000185 secs]203,106: [class unloading, 0,0014928 secs]203,107: [scrub symbol table, 0,0007076 secs]203,108: [scrub string table, 0,0002788 secs][1 CMS-remark: 168668K(174784K)] 210296K(253440K), 0,0210375 secs] [Times: user=0,07 sys=0,00, real=0,02 secs] 
203,109: [CMS-concurrent-sweep-start]
203,215: [CMS-concurrent-sweep: 0,106/0,106 secs] [Times: user=0,11 sys=0,00, real=0,11 secs] 
203,215: [CMS-concurrent-reset-start]
203,215: [CMS-concurrent-reset: 0,000/0,000 secs] [Times: user=0,00 sys=0,00, real=0,00 secs] 
205,215: [GC (CMS Initial Mark) [1 CMS-initial-mark: 168668K(174784K)] 213206K(253440K), 0,0441405 secs] [Times: user=0,17 sys=0,00, real=0,04 secs] 
205,259: [CMS-concurrent-mark-start]
205,479: [CMS-concurrent-mark: 0,220/0,220 secs] [Times: user=0,22 sys=0,00, real=0,22 secs] 
205,479: [CMS-concurrent-preclean-start]
205,480: [CMS-concurrent-preclean: 0,001/0,001 secs] [Times: user=0,00 sys=0,00, real=0,00 secs] 
205,480: [CMS-concurrent-abortable-preclean-start]
205,480: [CMS-concurrent-abortable-preclean: 0,000/0,000 secs] [Times: user=0,00 sys=0,00, real=0,00 secs] 
205,480: [GC (CMS Final Remark) [YG occupancy: 47128 K (78656 K)]205,480: [Rescan (parallel) , 0,0198606 secs]205,500: [weak refs processing, 0,0000226 secs]205,500: [class unloading, 0,0015745 secs]205,502: [scrub symbol table, 0,0006749 secs]205,503: [scrub string table, 0,0003003 secs][1 CMS-remark: 168668K(174784K)] 215797K(253440K), 0,0226228 secs] [Times: user=0,08 sys=0,00, real=0,02 secs] 
205,503: [CMS-concurrent-sweep-start]
205,608: [CMS-concurrent-sweep: 0,105/0,105 secs] [Times: user=0,10 sys=0,00, real=0,11 secs] 
205,608: [CMS-concurrent-reset-start]
205,608: [CMS-concurrent-reset: 0,000/0,000 secs] [Times: user=0,01 sys=0,00, real=0,00 secs] 
207,608: [GC (CMS Initial Mark) [1 CMS-initial-mark: 168668K(174784K)] 218532K(253440K), 0,0349329 secs] [Times: user=0,13 sys=0,00, real=0,03 secs] 
207,643: [CMS-concurrent-mark-start]
207,831: [CMS-concurrent-mark: 0,188/0,188 secs] [Times: user=0,19 sys=0,00, real=0,19 secs] 
207,831: [CMS-concurrent-preclean-start]
207,832: [CMS-concurrent-preclean: 0,001/0,001 secs] [Times: user=0,00 sys=0,00, real=0,00 secs] 
207,832: [CMS-concurrent-abortable-preclean-start]
207,832: [CMS-concurrent-abortable-preclean: 0,000/0,000 secs] [Times: user=0,00 sys=0,00, real=0,00 secs] 
207,832: [GC (CMS Final Remark) [YG occupancy: 49863 K (78656 K)]207,833: [Rescan (parallel) , 0,0220303 secs]207,855: [weak refs processing, 0,0000274 secs]207,855: [class unloading, 0,0015402 secs]207,856: [scrub symbol table, 0,0007703 secs]207,857: [scrub string table, 0,0002722 secs][1 CMS-remark: 168668K(174784K)] 218532K(253440K), 0,0248276 secs] [Times: user=0,09 sys=0,00, real=0,03 secs] 
207,857: [CMS-concurrent-sweep-start]
207,962: [CMS-concurrent-sweep: 0,105/0,105 secs] [Times: user=0,10 sys=0,00, real=0,10 secs] 
207,962: [CMS-concurrent-reset-start]
207,963: [CMS-concurrent-reset: 0,000/0,000 secs] [Times: user=0,00 sys=0,00, real=0,00 secs] 
209,962: [GC (CMS Initial Mark) [1 CMS-initial-mark: 168668K(174784K)] 221123K(253440K), 0,0463366 secs] [Times: user=0,17 sys=0,00, real=0,05 secs] 
210,008: [CMS-concurrent-mark-start]
210,219: [CMS-concurrent-mark: 0,211/0,211 secs] [Times: user=0,21 sys=0,00, real=0,21 secs] 
210,219: [CMS-concurrent-preclean-start]
210,220: [CMS-concurrent-preclean: 0,001/0,001 secs] [Times: user=0,00 sys=0,00, real=0,00 secs] 
210,220: [CMS-concurrent-abortable-preclean-start]
210,220: [CMS-concurrent-abortable-preclean: 0,000/0,000 secs] [Times: user=0,00 sys=0,00, real=0,00 secs] 
210,220: [GC (CMS Final Remark) [YG occupancy: 52454 K (78656 K)]210,220: [Rescan (parallel) , 0,0227160 secs]210,243: [weak refs processing, 0,0000185 secs]210,243: [class unloading, 0,0015075 secs]210,244: [scrub symbol table, 0,0006809 secs]210,245: [scrub string table, 0,0003121 secs][1 CMS-remark: 168668K(174784K)] 221123K(253440K), 0,0253757 secs] [Times: user=0,09 sys=0,00, real=0,02 secs] 
210,245: [CMS-concurrent-sweep-start]
210,350: [CMS-concurrent-sweep: 0,104/0,104 secs] [Times: user=0,10 sys=0,00, real=0,10 secs] 
210,350: [CMS-concurrent-reset-start]
210,350: [CMS-concurrent-reset: 0,000/0,000 secs] [Times: user=0,00 sys=0,00, real=0,00 secs] 
212,350: [GC (CMS Initial Mark) [1 CMS-initial-mark: 168668K(174784K)] 223857K(253440K), 0,0604589 secs] [Times: user=0,23 sys=0,00, real=0,06 secs] 
212,410: [CMS-concurrent-mark-start]
212,641: [CMS-concurrent-mark: 0,230/0,230 secs] [Times: user=0,23 sys=0,00, real=0,23 secs] 
212,641: [CMS-concurrent-preclean-start]
212,642: [CMS-concurrent-preclean: 0,001/0,001 secs] [Times: user=0,00 sys=0,00, real=0,00 secs] 
212,642: [CMS-concurrent-abortable-preclean-start]
212,642: [CMS-concurrent-abortable-preclean: 0,000/0,000 secs] [Times: user=0,00 sys=0,00, real=0,00 secs] 
212,642: [GC (CMS Final Remark) [YG occupancy: 56484 K (78656 K)]212,642: [Rescan (parallel) , 0,0253312 secs]212,667: [weak refs processing, 0,0000527 secs]212,668: [class unloading, 0,0039954 secs]212,672: [scrub symbol table, 0,0018094 secs]212,673: [scrub string table, 0,0004224 secs][1 CMS-remark: 168668K(174784K)] 225153K(253440K), 0,0318833 secs] [Times: user=0,09 sys=0,00, real=0,04 secs] 
212,674: [CMS-concurrent-sweep-start]
212,779: [CMS-concurrent-sweep: 0,105/0,105 secs] [Times: user=0,11 sys=0,00, real=0,10 secs] 
212,779: [CMS-concurrent-reset-start]
212,779: [CMS-concurrent-reset: 0,000/0,000 secs] [Times: user=0,00 sys=0,00, real=0,00 secs] 
214,779: [GC (CMS Initial Mark) [1 CMS-initial-mark: 168668K(174784K)] 227744K(253440K), 0,0499305 secs] [Times: user=0,19 sys=0,00, real=0,05 secs] 
214,829: [CMS-concurrent-mark-start]
215,044: [CMS-concurrent-mark: 0,215/0,215 secs] [Times: user=0,22 sys=0,00, real=0,21 secs] 
215,044: [CMS-concurrent-preclean-start]
215,045: [CMS-concurrent-preclean: 0,001/0,001 secs] [Times: user=0,00 sys=0,00, real=0,00 secs] 
215,045: [CMS-concurrent-abortable-preclean-start]
215,045: [CMS-concurrent-abortable-preclean: 0,000/0,000 secs] [Times: user=0,00 sys=0,00, real=0,00 secs] 
215,045: [GC (CMS Final Remark) [YG occupancy: 59363 K (78656 K)]215,045: [Rescan (parallel) , 0,0404867 secs]215,086: [weak refs processing, 0,0000197 secs]215,086: [class unloading, 0,0015492 secs]215,087: [scrub symbol table, 0,0008214 secs]215,088: [scrub string table, 0,0002881 secs][1 CMS-remark: 168668K(174784K)] 228032K(253440K), 0,0433083 secs] [Times: user=0,10 sys=0,00, real=0,05 secs] 
215,088: [CMS-concurrent-sweep-start]
215,197: [CMS-concurrent-sweep: 0,109/0,109 secs] [Times: user=0,11 sys=0,00, real=0,11 secs] 
215,197: [CMS-concurrent-reset-start]
215,198: [CMS-concurrent-reset: 0,000/0,000 secs] [Times: user=0,00 sys=0,00, real=0,00 secs] 
217,197: [GC (CMS Initial Mark) [1 CMS-initial-mark: 168668K(174784K)] 230623K(253440K), 0,0623161 secs] [Times: user=0,23 sys=0,00, real=0,06 secs] 
217,260: [CMS-concurrent-mark-start]
217,478: [CMS-concurrent-mark: 0,218/0,218 secs] [Times: user=0,22 sys=0,00, real=0,22 secs] 
217,478: [CMS-concurrent-preclean-start]
217,479: [CMS-concurrent-preclean: 0,001/0,001 secs] [Times: user=0,00 sys=0,00, real=0,00 secs] 
217,479: [CMS-concurrent-abortable-preclean-start]
217,479: [CMS-concurrent-abortable-preclean: 0,000/0,000 secs] [Times: user=0,00 sys=0,00, real=0,00 secs] 
217,479: [GC (CMS Final Remark) [YG occupancy: 63250 K (78656 K)]217,479: [Rescan (parallel) , 0,0270100 secs]217,506: [weak refs processing, 0,0000186 secs]217,506: [class unloading, 0,0014744 secs]217,507: [scrub symbol table, 0,0006958 secs]217,508: [scrub string table, 0,0002994 secs][1 CMS-remark: 168668K(174784K)] 231918K(253440K), 0,0296744 secs] [Times: user=0,11 sys=0,00, real=0,03 secs] 
217,509: [CMS-concurrent-sweep-start]
217,613: [CMS-concurrent-sweep: 0,104/0,104 secs] [Times: user=0,11 sys=0,00, real=0,10 secs] 
217,613: [CMS-concurrent-reset-start]
217,613: [CMS-concurrent-reset: 0,000/0,000 secs] [Times: user=0,00 sys=0,00, real=0,01 secs] 
219,613: [GC (CMS Initial Mark) [1 CMS-initial-mark: 168668K(174784K)] 236092K(253440K), 0,0497404 secs] [Times: user=0,19 sys=0,00, real=0,05 secs] 
219,663: [CMS-concurrent-mark-start]
219,860: [CMS-concurrent-mark: 0,197/0,197 secs] [Times: user=0,20 sys=0,00, real=0,20 secs] 
219,860: [CMS-concurrent-preclean-start]
219,861: [CMS-concurrent-preclean: 0,001/0,001 secs] [Times: user=0,00 sys=0,00, real=0,00 secs] 
219,861: [CMS-concurrent-abortable-preclean-start]
219,861: [CMS-concurrent-abortable-preclean: 0,000/0,000 secs] [Times: user=0,00 sys=0,00, real=0,00 secs] 
219,861: [GC (CMS Final Remark) [YG occupancy: 67423 K (78656 K)]219,861: [Rescan (parallel) , 0,0285376 secs]219,890: [weak refs processing, 0,0000190 secs]219,890: [class unloading, 0,0014899 secs]219,891: [scrub symbol table, 0,0006851 secs]219,892: [scrub string table, 0,0002725 secs][1 CMS-remark: 168668K(174784K)] 236092K(253440K), 0,0311781 secs] [Times: user=0,12 sys=0,00, real=0,03 secs] 
219,892: [CMS-concurrent-sweep-start]
219,997: [CMS-concurrent-sweep: 0,105/0,105 secs] [Times: user=0,10 sys=0,00, real=0,11 secs] 
219,997: [CMS-concurrent-reset-start]
219,998: [CMS-concurrent-reset: 0,000/0,000 secs] [Times: user=0,00 sys=0,00, real=0,00 secs] 
221,997: [GC (CMS Initial Mark) [1 CMS-initial-mark: 168668K(174784K)] 238683K(253440K), 0,0505097 secs] [Times: user=0,20 sys=0,00, real=0,05 secs] 
222,047: [CMS-concurrent-mark-start]
222,245: [CMS-concurrent-mark: 0,197/0,197 secs] [Times: user=0,19 sys=0,00, real=0,19 secs] 
222,245: [CMS-concurrent-preclean-start]
222,245: [CMS-concurrent-preclean: 0,001/0,001 secs] [Times: user=0,00 sys=0,00, real=0,00 secs] 
222,245: [CMS-concurrent-abortable-preclean-start]
222,245: [CMS-concurrent-abortable-preclean: 0,000/0,000 secs] [Times: user=0,00 sys=0,00, real=0,01 secs] 
222,246: [GC (CMS Final Remark) [YG occupancy: 70014 K (78656 K)]222,246: [Rescan (parallel) , 0,0304357 secs]222,276: [weak refs processing, 0,0000189 secs]222,276: [class unloading, 0,0015635 secs]222,278: [scrub symbol table, 0,0007727 secs]222,278: [scrub string table, 0,0002868 secs][1 CMS-remark: 168668K(174784K)] 238683K(253440K), 0,0332066 secs] [Times: user=0,12 sys=0,00, real=0,03 secs] 
222,279: [CMS-concurrent-sweep-start]
222,383: [CMS-concurrent-sweep: 0,104/0,104 secs] [Times: user=0,11 sys=0,00, real=0,10 secs] 
222,383: [CMS-concurrent-reset-start]
222,384: [CMS-concurrent-reset: 0,000/0,000 secs] [Times: user=0,00 sys=0,00, real=0,00 secs] 
224,383: [GC (CMS Initial Mark) [1 CMS-initial-mark: 168668K(174784K)] 241418K(253440K), 0,0609403 secs] [Times: user=0,21 sys=0,00, real=0,06 secs] 
224,445: [CMS-concurrent-mark-start]
224,642: [CMS-concurrent-mark: 0,198/0,198 secs] [Times: user=0,19 sys=0,00, real=0,20 secs] 
224,642: [CMS-concurrent-preclean-start]
224,643: [CMS-concurrent-preclean: 0,001/0,001 secs] [Times: user=0,01 sys=0,00, real=0,00 secs] 
224,643: [CMS-concurrent-abortable-preclean-start]
224,643: [CMS-concurrent-abortable-preclean: 0,000/0,000 secs] [Times: user=0,00 sys=0,00, real=0,00 secs] 
224,643: [GC (CMS Final Remark) [YG occupancy: 74045 K (78656 K)]224,643: [Rescan (parallel) , 0,0314581 secs]224,675: [weak refs processing, 0,0000178 secs]224,675: [class unloading, 0,0014824 secs]224,676: [scrub symbol table, 0,0006599 secs]224,677: [scrub string table, 0,0002816 secs][1 CMS-remark: 168668K(174784K)] 242714K(253440K), 0,0340888 secs] [Times: user=0,12 sys=0,01, real=0,04 secs] 
224,678: [CMS-concurrent-sweep-start]
224,782: [CMS-concurrent-sweep: 0,104/0,104 secs] [Times: user=0,10 sys=0,00, real=0,10 secs] 
224,782: [CMS-concurrent-reset-start]
224,782: [CMS-concurrent-reset: 0,000/0,000 secs] [Times: user=0,00 sys=0,00, real=0,00 secs] 
226,782: [GC (CMS Initial Mark) [1 CMS-initial-mark: 168668K(174784K)] 245305K(253440K), 0,0500957 secs] [Times: user=0,18 sys=0,00, real=0,05 secs] 
226,832: [CMS-concurrent-mark-start]
227,017: [CMS-concurrent-mark: 0,186/0,186 secs] [Times: user=0,19 sys=0,00, real=0,19 secs] 
227,018: [CMS-concurrent-preclean-start]
227,018: [CMS-concurrent-preclean: 0,001/0,001 secs] [Times: user=0,00 sys=0,00, real=0,00 secs] 
227,018: [CMS-concurrent-abortable-preclean-start]
227,018: [CMS-concurrent-abortable-preclean: 0,000/0,000 secs] [Times: user=0,00 sys=0,00, real=0,00 secs] 
227,019: [GC (CMS Final Remark) [YG occupancy: 76780 K (78656 K)]227,019: [Rescan (parallel) , 0,0339645 secs]227,053: [weak refs processing, 0,0000192 secs]227,053: [class unloading, 0,0015392 secs]227,055: [scrub symbol table, 0,0006857 secs]227,055: [scrub string table, 0,0002681 secs][1 CMS-remark: 168668K(174784K)] 245448K(253440K), 0,0366409 secs] [Times: user=0,13 sys=0,00, real=0,04 secs] 
227,056: [CMS-concurrent-sweep-start]
227,170: [CMS-concurrent-sweep: 0,114/0,114 secs] [Times: user=0,12 sys=0,00, real=0,11 secs] 
227,170: [CMS-concurrent-reset-start]
227,170: [CMS-concurrent-reset: 0,000/0,000 secs] [Times: user=0,00 sys=0,00, real=0,00 secs] 
228,566: [GC (Allocation Failure) 228,566: [ParNew: 78656K->78656K(78656K), 0,0000974 secs]228,566: [CMS: 168668K->174783K(174784K), 0,7502163 secs] 247324K->207016K(253440K), [Metaspace: 9230K->9230K(1058816K)], 0,7505351 secs] [Times: user=0,75 sys=0,00, real=0,75 secs] 
229,317: [GC (CMS Initial Mark) [1 CMS-initial-mark: 174783K(174784K)] 208453K(253440K), 0,0287705 secs] [Times: user=0,02 sys=0,00, real=0,02 secs] 
229,346: [CMS-concurrent-mark-start]
229,585: [CMS-concurrent-mark: 0,240/0,240 secs] [Times: user=0,25 sys=0,00, real=0,23 secs] 
229,585: [CMS-concurrent-preclean-start]
229,827: [CMS-concurrent-preclean: 0,241/0,241 secs] [Times: user=0,24 sys=0,00, real=0,25 secs] 
229,827: [CMS-concurrent-abortable-preclean-start]
229,827: [CMS-concurrent-abortable-preclean: 0,000/0,000 secs] [Times: user=0,00 sys=0,00, real=0,00 secs] 
229,827: [GC (CMS Final Remark) [YG occupancy: 33669 K (78656 K)]229,827: [Rescan (parallel) , 0,0405904 secs]229,868: [weak refs processing, 0,0000191 secs]229,868: [class unloading, 0,0015261 secs]229,869: [scrub symbol table, 0,0007147 secs]229,870: [scrub string table, 0,0002985 secs][1 CMS-remark: 174783K(174784K)] 208453K(253440K), 0,0433744 secs] [Times: user=0,15 sys=0,00, real=0,04 secs] 
229,870: [CMS-concurrent-sweep-start]
229,983: [CMS-concurrent-sweep: 0,113/0,113 secs] [Times: user=0,12 sys=0,00, real=0,11 secs] 
229,983: [CMS-concurrent-reset-start]
229,984: [CMS-concurrent-reset: 0,000/0,000 secs] [Times: user=0,00 sys=0,00, real=0,00 secs] 
231,983: [GC (CMS Initial Mark) [1 CMS-initial-mark: 174783K(174784K)] 211370K(253440K), 0,0651144 secs] [Times: user=0,09 sys=0,00, real=0,07 secs] 
232,049: [CMS-concurrent-mark-start]
232,273: [CMS-concurrent-mark: 0,224/0,224 secs] [Times: user=0,22 sys=0,00, real=0,22 secs] 
232,273: [CMS-concurrent-preclean-start]
232,274: [CMS-concurrent-preclean: 0,001/0,001 secs] [Times: user=0,00 sys=0,00, real=0,01 secs] 
232,274: [CMS-concurrent-abortable-preclean-start]
232,274: [CMS-concurrent-abortable-preclean: 0,000/0,000 secs] [Times: user=0,00 sys=0,00, real=0,00 secs] 
232,274: [GC (CMS Final Remark) [YG occupancy: 36586 K (78656 K)]232,274: [Rescan (parallel) , 0,0456185 secs]232,320: [weak refs processing, 0,0000184 secs]232,320: [class unloading, 0,0015215 secs]232,322: [scrub symbol table, 0,0007597 secs]232,322: [scrub string table, 0,0003048 secs][1 CMS-remark: 174783K(174784K)] 211370K(253440K), 0,0484030 secs] [Times: user=0,18 sys=0,00, real=0,04 secs] 
232,323: [CMS-concurrent-sweep-start]
232,437: [CMS-concurrent-sweep: 0,114/0,114 secs] [Times: user=0,11 sys=0,00, real=0,12 secs] 
232,437: [CMS-concurrent-reset-start]
232,438: [CMS-concurrent-reset: 0,000/0,000 secs] [Times: user=0,00 sys=0,00, real=0,00 secs] 
234,437: [GC (CMS Initial Mark) [1 CMS-initial-mark: 174783K(174784K)] 216599K(253440K), 0,0569644 secs] [Times: user=0,08 sys=0,01, real=0,06 secs] 
234,494: [CMS-concurrent-mark-start]
234,778: [CMS-concurrent-mark: 0,284/0,284 secs] [Times: user=0,28 sys=0,00, real=0,28 secs] 
234,778: [CMS-concurrent-preclean-start]
234,779: [CMS-concurrent-preclean: 0,001/0,001 secs] [Times: user=0,00 sys=0,00, real=0,00 secs] 
234,779: [CMS-concurrent-abortable-preclean-start]
234,779: [CMS-concurrent-abortable-preclean: 0,000/0,000 secs] [Times: user=0,00 sys=0,00, real=0,00 secs] 
234,779: [GC (CMS Final Remark) [YG occupancy: 41815 K (78656 K)]234,779: [Rescan (parallel) , 0,0443788 secs]234,824: [weak refs processing, 0,0000188 secs]234,824: [class unloading, 0,0015446 secs]234,825: [scrub symbol table, 0,0007135 secs]234,826: [scrub string table, 0,0002710 secs][1 CMS-remark: 174783K(174784K)] 216599K(253440K), 0,0471084 secs] [Times: user=0,17 sys=0,00, real=0,05 secs] 
234,826: [CMS-concurrent-sweep-start]
234,939: [CMS-concurrent-sweep: 0,112/0,112 secs] [Times: user=0,12 sys=0,00, real=0,11 secs] 
234,939: [CMS-concurrent-reset-start]
234,939: [CMS-concurrent-reset: 0,000/0,000 secs] [Times: user=0,00 sys=0,00, real=0,00 secs] 
236,939: [GC (CMS Initial Mark) [1 CMS-initial-mark: 174783K(174784K)] 219314K(253440K), 0,0831348 secs] [Times: user=0,14 sys=0,00, real=0,08 secs] 
237,022: [CMS-concurrent-mark-start]
237,263: [CMS-concurrent-mark: 0,240/0,240 secs] [Times: user=0,24 sys=0,00, real=0,24 secs] 
237,263: [CMS-concurrent-preclean-start]
237,263: [CMS-concurrent-preclean: 0,001/0,001 secs] [Times: user=0,00 sys=0,00, real=0,00 secs] 
237,263: [CMS-concurrent-abortable-preclean-start]
237,263: [CMS-concurrent-abortable-preclean: 0,000/0,000 secs] [Times: user=0,00 sys=0,00, real=0,00 secs] 
237,264: [GC (CMS Final Remark) [YG occupancy: 44530 K (78656 K)]237,264: [Rescan (parallel) , 0,0447392 secs]237,308: [weak refs processing, 0,0000197 secs]237,309: [class unloading, 0,0015049 secs]237,310: [scrub symbol table, 0,0007307 secs]237,311: [scrub string table, 0,0002847 secs][1 CMS-remark: 174783K(174784K)] 219314K(253440K), 0,0474617 secs] [Times: user=0,18 sys=0,00, real=0,05 secs] 
237,311: [CMS-concurrent-sweep-start]
237,425: [CMS-concurrent-sweep: 0,113/0,113 secs] [Times: user=0,12 sys=0,00, real=0,11 secs] 
237,425: [CMS-concurrent-reset-start]
237,425: [CMS-concurrent-reset: 0,000/0,000 secs] [Times: user=0,00 sys=0,00, real=0,00 secs] 
239,425: [GC (CMS Initial Mark) [1 CMS-initial-mark: 174783K(174784K)] 223438K(253440K), 0,0628369 secs] [Times: user=0,12 sys=0,00, real=0,07 secs] 
239,488: [CMS-concurrent-mark-start]
239,774: [CMS-concurrent-mark: 0,286/0,286 secs] [Times: user=0,28 sys=0,00, real=0,29 secs] 
239,774: [CMS-concurrent-preclean-start]
239,775: [CMS-concurrent-preclean: 0,001/0,001 secs] [Times: user=0,00 sys=0,00, real=0,00 secs] 
239,775: [CMS-concurrent-abortable-preclean-start]
239,775: [CMS-concurrent-abortable-preclean: 0,000/0,000 secs] [Times: user=0,00 sys=0,00, real=0,00 secs] 
239,775: [GC (CMS Final Remark) [YG occupancy: 48654 K (78656 K)]239,775: [Rescan (parallel) , 0,0450632 secs]239,820: [weak refs processing, 0,0000198 secs]239,820: [class unloading, 0,0015466 secs]239,822: [scrub symbol table, 0,0006881 secs]239,822: [scrub string table, 0,0002813 secs][1 CMS-remark: 174783K(174784K)] 223438K(253440K), 0,0477815 secs] [Times: user=0,18 sys=0,00, real=0,04 secs] 
239,823: [CMS-concurrent-sweep-start]
239,936: [CMS-concurrent-sweep: 0,113/0,113 secs] [Times: user=0,11 sys=0,00, real=0,12 secs] 
239,936: [CMS-concurrent-reset-start]
239,937: [CMS-concurrent-reset: 0,000/0,000 secs] [Times: user=0,00 sys=0,00, real=0,00 secs] 
241,936: [GC (CMS Initial Mark) [1 CMS-initial-mark: 174783K(174784K)] 226264K(253440K), 0,0640437 secs] [Times: user=0,13 sys=0,00, real=0,06 secs] 
242,000: [CMS-concurrent-mark-start]
242,292: [CMS-concurrent-mark: 0,291/0,291 secs] [Times: user=0,29 sys=0,00, real=0,29 secs] 
242,292: [CMS-concurrent-preclean-start]
242,292: [CMS-concurrent-preclean: 0,001/0,001 secs] [Times: user=0,00 sys=0,00, real=0,00 secs] 
242,292: [CMS-concurrent-abortable-preclean-start]
242,292: [CMS-concurrent-abortable-preclean: 0,000/0,000 secs] [Times: user=0,00 sys=0,00, real=0,00 secs] 
242,293: [GC (CMS Final Remark) [YG occupancy: 51480 K (78656 K)]242,293: [Rescan (parallel) , 0,0493687 secs]242,342: [weak refs processing, 0,0000206 secs]242,342: [class unloading, 0,0015199 secs]242,344: [scrub symbol table, 0,0006959 secs]242,344: [scrub string table, 0,0002888 secs][1 CMS-remark: 174783K(174784K)] 226264K(253440K), 0,0520580 secs] [Times: user=0,19 sys=0,00, real=0,05 secs] 
242,345: [CMS-concurrent-sweep-start]
242,462: [CMS-concurrent-sweep: 0,117/0,117 secs] [Times: user=0,11 sys=0,00, real=0,12 secs] 
242,462: [CMS-concurrent-reset-start]
242,462: [CMS-concurrent-reset: 0,000/0,000 secs] [Times: user=0,00 sys=0,00, real=0,00 secs] 
244,462: [GC (CMS Initial Mark) [1 CMS-initial-mark: 174783K(174784K)] 230387K(253440K), 0,0568810 secs] [Times: user=0,12 sys=0,00, real=0,06 secs] 
244,519: [CMS-concurrent-mark-start]
244,732: [CMS-concurrent-mark: 0,214/0,214 secs] [Times: user=0,22 sys=0,00, real=0,21 secs] 
244,732: [CMS-concurrent-preclean-start]
244,733: [CMS-concurrent-preclean: 0,001/0,001 secs] [Times: user=0,00 sys=0,00, real=0,00 secs] 
244,733: [CMS-concurrent-abortable-preclean-start]
244,733: [CMS-concurrent-abortable-preclean: 0,000/0,000 secs] [Times: user=0,00 sys=0,00, real=0,00 secs] 
244,733: [GC (CMS Final Remark) [YG occupancy: 55603 K (78656 K)]244,733: [Rescan (parallel) , 0,0459285 secs]244,779: [weak refs processing, 0,0000203 secs]244,779: [class unloading, 0,0015350 secs]244,781: [scrub symbol table, 0,0007356 secs]244,782: [scrub string table, 0,0002781 secs][1 CMS-remark: 174783K(174784K)] 230387K(253440K), 0,0486441 secs] [Times: user=0,18 sys=0,00, real=0,05 secs] 
244,782: [CMS-concurrent-sweep-start]
244,895: [CMS-concurrent-sweep: 0,113/0,113 secs] [Times: user=0,11 sys=0,00, real=0,12 secs] 
244,895: [CMS-concurrent-reset-start]
244,895: [CMS-concurrent-reset: 0,000/0,000 secs] [Times: user=0,00 sys=0,00, real=0,00 secs] 
246,894: [GC (CMS Initial Mark) [1 CMS-initial-mark: 174783K(174784K)] 233001K(253440K), 0,0732701 secs] [Times: user=0,16 sys=0,00, real=0,07 secs] 
246,968: [CMS-concurrent-mark-start]
247,224: [CMS-concurrent-mark: 0,256/0,256 secs] [Times: user=0,26 sys=0,01, real=0,25 secs] 
247,224: [CMS-concurrent-preclean-start]
247,225: [CMS-concurrent-preclean: 0,001/0,001 secs] [Times: user=0,00 sys=0,00, real=0,00 secs] 
247,225: [CMS-concurrent-abortable-preclean-start]
247,225: [CMS-concurrent-abortable-preclean: 0,000/0,000 secs] [Times: user=0,00 sys=0,00, real=0,00 secs] 
247,225: [GC (CMS Final Remark) [YG occupancy: 58419 K (78656 K)]247,226: [Rescan (parallel) , 0,0479444 secs]247,273: [weak refs processing, 0,0000203 secs]247,274: [class unloading, 0,0015753 secs]247,275: [scrub symbol table, 0,0006830 secs]247,276: [scrub string table, 0,0003031 secs][1 CMS-remark: 174783K(174784K)] 233203K(253440K), 0,0506706 secs] [Times: user=0,19 sys=0,00, real=0,05 secs] 
247,276: [CMS-concurrent-sweep-start]
247,389: [CMS-concurrent-sweep: 0,113/0,113 secs] [Times: user=0,11 sys=0,00, real=0,11 secs] 
247,389: [CMS-concurrent-reset-start]
247,390: [CMS-concurrent-reset: 0,000/0,000 secs] [Times: user=0,00 sys=0,00, real=0,00 secs] 
249,389: [GC (CMS Initial Mark) [1 CMS-initial-mark: 174783K(174784K)] 237125K(253440K), 0,0705135 secs] [Times: user=0,15 sys=0,00, real=0,07 secs] 
249,460: [CMS-concurrent-mark-start]
249,684: [CMS-concurrent-mark: 0,224/0,224 secs] [Times: user=0,23 sys=0,00, real=0,22 secs] 
249,684: [CMS-concurrent-preclean-start]
249,685: [CMS-concurrent-preclean: 0,001/0,001 secs] [Times: user=0,00 sys=0,00, real=0,00 secs] 
249,685: [CMS-concurrent-abortable-preclean-start]
249,685: [CMS-concurrent-abortable-preclean: 0,000/0,000 secs] [Times: user=0,00 sys=0,00, real=0,00 secs] 
249,685: [GC (CMS Final Remark) [YG occupancy: 63649 K (78656 K)]249,685: [Rescan (parallel) , 0,0463152 secs]249,731: [weak refs processing, 0,0000203 secs]249,731: [class unloading, 0,0015151 secs]249,733: [scrub symbol table, 0,0007260 secs]249,733: [scrub string table, 0,0002919 secs][1 CMS-remark: 174783K(174784K)] 238433K(253440K), 0,0490379 secs] [Times: user=0,19 sys=0,00, real=0,06 secs] 
249,734: [CMS-concurrent-sweep-start]
249,847: [CMS-concurrent-sweep: 0,113/0,113 secs] [Times: user=0,11 sys=0,00, real=0,11 secs] 
249,847: [CMS-concurrent-reset-start]
249,847: [CMS-concurrent-reset: 0,000/0,000 secs] [Times: user=0,00 sys=0,00, real=0,00 secs] 
251,846: [GC (CMS Initial Mark) [1 CMS-initial-mark: 174783K(174784K)] 241248K(253440K), 0,0558286 secs] [Times: user=0,13 sys=0,00, real=0,05 secs] 
251,902: [CMS-concurrent-mark-start]
252,107: [CMS-concurrent-mark: 0,204/0,204 secs] [Times: user=0,21 sys=0,00, real=0,21 secs] 
252,107: [CMS-concurrent-preclean-start]
252,107: [CMS-concurrent-preclean: 0,001/0,001 secs] [Times: user=0,00 sys=0,00, real=0,00 secs] 
252,107: [CMS-concurrent-abortable-preclean-start]
252,107: [CMS-concurrent-abortable-preclean: 0,000/0,000 secs] [Times: user=0,00 sys=0,00, real=0,00 secs] 
252,108: [GC (CMS Final Remark) [YG occupancy: 66464 K (78656 K)]252,108: [Rescan (parallel) , 0,0474714 secs]252,155: [weak refs processing, 0,0000192 secs]252,155: [class unloading, 0,0015723 secs]252,157: [scrub symbol table, 0,0007422 secs]252,158: [scrub string table, 0,0002924 secs][1 CMS-remark: 174783K(174784K)] 241248K(253440K), 0,0503039 secs] [Times: user=0,19 sys=0,00, real=0,05 secs] 
252,158: [CMS-concurrent-sweep-start]
252,271: [CMS-concurrent-sweep: 0,113/0,113 secs] [Times: user=0,11 sys=0,00, real=0,11 secs] 
252,271: [CMS-concurrent-reset-start]
252,272: [CMS-concurrent-reset: 0,000/0,000 secs] [Times: user=0,00 sys=0,00, real=0,00 secs] 
254,271: [GC (CMS Initial Mark) [1 CMS-initial-mark: 174783K(174784K)] 243863K(253440K), 0,0661773 secs] [Times: user=0,18 sys=0,00, real=0,07 secs] 
254,337: [CMS-concurrent-mark-start]
254,556: [CMS-concurrent-mark: 0,219/0,219 secs] [Times: user=0,22 sys=0,00, real=0,22 secs] 
254,556: [CMS-concurrent-preclean-start]
254,557: [CMS-concurrent-preclean: 0,001/0,001 secs] [Times: user=0,00 sys=0,00, real=0,00 secs] 
254,557: [CMS-concurrent-abortable-preclean-start]
254,557: [CMS-concurrent-abortable-preclean: 0,000/0,000 secs] [Times: user=0,00 sys=0,00, real=0,00 secs] 
254,557: [GC (CMS Final Remark) [YG occupancy: 69952 K (78656 K)]254,557: [Rescan (parallel) , 0,0475617 secs]254,605: [weak refs processing, 0,0000195 secs]254,605: [class unloading, 0,0015521 secs]254,606: [scrub symbol table, 0,0006893 secs]254,607: [scrub string table, 0,0002837 secs][1 CMS-remark: 174783K(174784K)] 244735K(253440K), 0,0502426 secs] [Times: user=0,19 sys=0,01, real=0,05 secs] 
254,608: [CMS-concurrent-sweep-start]
254,721: [CMS-concurrent-sweep: 0,113/0,113 secs] [Times: user=0,11 sys=0,00, real=0,11 secs] 
254,721: [CMS-concurrent-reset-start]
254,721: [CMS-concurrent-reset: 0,000/0,000 secs] [Times: user=0,00 sys=0,00, real=0,00 secs] 
256,721: [GC (CMS Initial Mark) [1 CMS-initial-mark: 174783K(174784K)] 247541K(253440K), 0,0612810 secs] [Times: user=0,17 sys=0,00, real=0,06 secs] 
256,783: [CMS-concurrent-mark-start]
256,995: [CMS-concurrent-mark: 0,213/0,213 secs] [Times: user=0,21 sys=0,00, real=0,22 secs] 
256,995: [CMS-concurrent-preclean-start]
256,996: [CMS-concurrent-preclean: 0,001/0,001 secs] [Times: user=0,00 sys=0,00, real=0,00 secs] 
256,996: [CMS-concurrent-abortable-preclean-start]
256,996: [CMS-concurrent-abortable-preclean: 0,000/0,000 secs] [Times: user=0,00 sys=0,00, real=0,00 secs] 
256,996: [GC (CMS Final Remark) [YG occupancy: 72757 K (78656 K)]256,996: [Rescan (parallel) , 0,0486029 secs]257,045: [weak refs processing, 0,0000180 secs]257,045: [class unloading, 0,0015743 secs]257,047: [scrub symbol table, 0,0006802 secs]257,047: [scrub string table, 0,0002814 secs][1 CMS-remark: 174783K(174784K)] 247541K(253440K), 0,0513199 secs] [Times: user=0,20 sys=0,00, real=0,05 secs] 
257,048: [CMS-concurrent-sweep-start]
257,160: [CMS-concurrent-sweep: 0,112/0,112 secs] [Times: user=0,11 sys=0,00, real=0,11 secs] 
257,160: [CMS-concurrent-reset-start]
257,160: [CMS-concurrent-reset: 0,000/0,000 secs] [Times: user=0,00 sys=0,00, real=0,00 secs] 
259,160: [GC (CMS Initial Mark) [1 CMS-initial-mark: 174783K(174784K)] 250461K(253440K), 0,0397302 secs] [Times: user=0,11 sys=0,00, real=0,04 secs] 
259,200: [CMS-concurrent-mark-start]
259,397: [CMS-concurrent-mark: 0,197/0,197 secs] [Times: user=0,20 sys=0,00, real=0,20 secs] 
259,397: [CMS-concurrent-preclean-start]
259,397: [CMS-concurrent-preclean: 0,001/0,001 secs] [Times: user=0,00 sys=0,00, real=0,00 secs] 
259,397: [CMS-concurrent-abortable-preclean-start]
259,397: [CMS-concurrent-abortable-preclean: 0,000/0,000 secs] [Times: user=0,00 sys=0,00, real=0,00 secs] 
259,398: [GC (CMS Final Remark) [YG occupancy: 75678 K (78656 K)]259,398: [Rescan (parallel) , 0,0482960 secs]259,446: [weak refs processing, 0,0000191 secs]259,446: [class unloading, 0,0015833 secs]259,448: [scrub symbol table, 0,0006968 secs]259,448: [scrub string table, 0,0002890 secs][1 CMS-remark: 174783K(174784K)] 250461K(253440K), 0,0510223 secs] [Times: user=0,18 sys=0,00, real=0,05 secs] 
259,449: [CMS-concurrent-sweep-start]
259,563: [CMS-concurrent-sweep: 0,114/0,114 secs] [Times: user=0,12 sys=0,00, real=0,11 secs] 
259,563: [CMS-concurrent-reset-start]
259,563: [CMS-concurrent-reset: 0,000/0,000 secs] [Times: user=0,00 sys=0,00, real=0,00 secs] 
261,563: [GC (CMS Initial Mark) [1 CMS-initial-mark: 174783K(174784K)] 253293K(253440K), 0,0985965 secs] [Times: user=0,29 sys=0,00, real=0,10 secs] 
261,661: [CMS-concurrent-mark-start]
261,757: [GC (Allocation Failure) 261,757: [ParNew: 78655K->78655K(78656K), 0,0000297 secs]261,757: [CMS261,903: [CMS-concurrent-mark: 0,241/0,241 secs] [Times: user=0,24 sys=0,00, real=0,24 secs] 
 (concurrent mode failure): 174783K->174783K(174784K), 0,9199787 secs] 253439K->229468K(253440K), [Metaspace: 9244K->9244K(1058816K)], 0,9201150 secs] [Times: user=0,91 sys=0,00, real=0,92 secs] 
264,678: [GC (CMS Initial Mark) [1 CMS-initial-mark: 174783K(174784K)] 233325K(253440K), 0,1158295 secs] [Times: user=0,12 sys=0,01, real=0,12 secs] 
264,794: [CMS-concurrent-mark-start]
265,079: [CMS-concurrent-mark: 0,285/0,285 secs] [Times: user=0,29 sys=0,00, real=0,28 secs] 
265,079: [CMS-concurrent-preclean-start]
265,318: [CMS-concurrent-preclean: 0,239/0,239 secs] [Times: user=0,24 sys=0,00, real=0,24 secs] 
265,318: [CMS-concurrent-abortable-preclean-start]
265,318: [CMS-concurrent-abortable-preclean: 0,000/0,000 secs] [Times: user=0,00 sys=0,00, real=0,00 secs] 
265,318: [GC (CMS Final Remark) [YG occupancy: 59704 K (78656 K)]265,318: [Rescan (parallel) , 0,0742431 secs]265,392: [weak refs processing, 0,0000187 secs]265,392: [class unloading, 0,0015835 secs]265,394: [scrub symbol table, 0,0007257 secs]265,395: [scrub string table, 0,0002983 secs][1 CMS-remark: 174783K(174784K)] 234488K(253440K), 0,0770882 secs] [Times: user=0,29 sys=0,00, real=0,08 secs] 
265,395: [CMS-concurrent-sweep-start]
265,508: [CMS-concurrent-sweep: 0,113/0,113 secs] [Times: user=0,11 sys=0,00, real=0,11 secs] 
265,508: [CMS-concurrent-reset-start]
265,508: [CMS-concurrent-reset: 0,000/0,000 secs] [Times: user=0,00 sys=0,00, real=0,00 secs] 
267,508: [GC (CMS Initial Mark) [1 CMS-initial-mark: 174783K(174784K)] 236954K(253440K), 0,0916198 secs] [Times: user=0,12 sys=0,00, real=0,09 secs] 
267,600: [CMS-concurrent-mark-start]
267,894: [CMS-concurrent-mark: 0,294/0,294 secs] [Times: user=0,29 sys=0,00, real=0,30 secs] 
267,894: [CMS-concurrent-preclean-start]
267,895: [CMS-concurrent-preclean: 0,001/0,001 secs] [Times: user=0,00 sys=0,00, real=0,00 secs] 
267,895: [CMS-concurrent-abortable-preclean-start]
267,895: [CMS-concurrent-abortable-preclean: 0,000/0,000 secs] [Times: user=0,00 sys=0,00, real=0,00 secs] 
267,895: [GC (CMS Final Remark) [YG occupancy: 64495 K (78656 K)]267,895: [Rescan (parallel) , 0,0736089 secs]267,968: [weak refs processing, 0,0000191 secs]267,968: [class unloading, 0,0015865 secs]267,970: [scrub symbol table, 0,0006812 secs]267,971: [scrub string table, 0,0002843 secs][1 CMS-remark: 174783K(174784K)] 239279K(253440K), 0,0763150 secs] [Times: user=0,28 sys=0,00, real=0,07 secs] 
267,971: [CMS-concurrent-sweep-start]
268,084: [CMS-concurrent-sweep: 0,113/0,113 secs] [Times: user=0,12 sys=0,00, real=0,11 secs] 
268,084: [CMS-concurrent-reset-start]
268,084: [CMS-concurrent-reset: 0,000/0,000 secs] [Times: user=0,00 sys=0,00, real=0,00 secs] 
270,084: [GC (CMS Initial Mark) [1 CMS-initial-mark: 174783K(174784K)] 241603K(253440K), 0,0902389 secs] [Times: user=0,14 sys=0,00, real=0,10 secs] 
270,174: [CMS-concurrent-mark-start]
270,391: [CMS-concurrent-mark: 0,217/0,217 secs] [Times: user=0,21 sys=0,00, real=0,21 secs] 
270,391: [CMS-concurrent-preclean-start]
270,392: [CMS-concurrent-preclean: 0,001/0,001 secs] [Times: user=0,00 sys=0,00, real=0,00 secs] 
270,392: [CMS-concurrent-abortable-preclean-start]
270,392: [CMS-concurrent-abortable-preclean: 0,000/0,000 secs] [Times: user=0,00 sys=0,00, real=0,00 secs] 
270,392: [GC (CMS Final Remark) [YG occupancy: 66819 K (78656 K)]270,392: [Rescan (parallel) , 0,0737219 secs]270,466: [weak refs processing, 0,0000199 secs]270,466: [class unloading, 0,0015324 secs]270,467: [scrub symbol table, 0,0007056 secs]270,468: [scrub string table, 0,0002889 secs][1 CMS-remark: 174783K(174784K)] 241603K(253440K), 0,0764211 secs] [Times: user=0,30 sys=0,00, real=0,08 secs] 
270,468: [CMS-concurrent-sweep-start]
270,581: [CMS-concurrent-sweep: 0,112/0,112 secs] [Times: user=0,11 sys=0,00, real=0,11 secs] 
270,581: [CMS-concurrent-reset-start]
270,581: [CMS-concurrent-reset: 0,000/0,000 secs] [Times: user=0,00 sys=0,00, real=0,00 secs] 
272,581: [GC (CMS Initial Mark) [1 CMS-initial-mark: 174783K(174784K)] 244156K(253440K), 0,1052813 secs] [Times: user=0,17 sys=0,00, real=0,11 secs] 
272,686: [CMS-concurrent-mark-start]
272,912: [CMS-concurrent-mark: 0,225/0,225 secs] [Times: user=0,24 sys=0,00, real=0,22 secs] 
272,912: [CMS-concurrent-preclean-start]
272,912: [CMS-concurrent-preclean: 0,001/0,001 secs] [Times: user=0,00 sys=0,00, real=0,00 secs] 
272,912: [CMS-concurrent-abortable-preclean-start]
272,912: [CMS-concurrent-abortable-preclean: 0,000/0,000 secs] [Times: user=0,00 sys=0,00, real=0,00 secs] 
272,913: [GC (CMS Final Remark) [YG occupancy: 70750 K (78656 K)]272,913: [Rescan (parallel) , 0,0741572 secs]272,987: [weak refs processing, 0,0000185 secs]272,987: [class unloading, 0,0015676 secs]272,988: [scrub symbol table, 0,0006983 secs]272,989: [scrub string table, 0,0003058 secs][1 CMS-remark: 174783K(174784K)] 245534K(253440K), 0,0768810 secs] [Times: user=0,29 sys=0,00, real=0,08 secs] 
272,990: [CMS-concurrent-sweep-start]
273,101: [CMS-concurrent-sweep: 0,112/0,112 secs] [Times: user=0,11 sys=0,00, real=0,11 secs] 
273,102: [CMS-concurrent-reset-start]
273,102: [CMS-concurrent-reset: 0,000/0,000 secs] [Times: user=0,00 sys=0,00, real=0,00 secs] 
275,101: [GC (CMS Initial Mark) [1 CMS-initial-mark: 174783K(174784K)] 248482K(253440K), 0,0614217 secs] [Times: user=0,10 sys=0,00, real=0,06 secs] 
275,163: [CMS-concurrent-mark-start]
275,396: [CMS-concurrent-mark: 0,233/0,233 secs] [Times: user=0,24 sys=0,00, real=0,24 secs] 
275,396: [CMS-concurrent-preclean-start]
275,396: [CMS-concurrent-preclean: 0,001/0,001 secs] [Times: user=0,00 sys=0,00, real=0,00 secs] 
275,396: [CMS-concurrent-abortable-preclean-start]
275,396: [CMS-concurrent-abortable-preclean: 0,000/0,000 secs] [Times: user=0,00 sys=0,00, real=0,00 secs] 
275,397: [GC (CMS Final Remark) [YG occupancy: 73698 K (78656 K)]275,397: [Rescan (parallel) , 0,0746024 secs]275,471: [weak refs processing, 0,0000189 secs]275,471: [class unloading, 0,0015256 secs]275,473: [scrub symbol table, 0,0007740 secs]275,474: [scrub string table, 0,0003035 secs][1 CMS-remark: 174783K(174784K)] 248482K(253440K), 0,0773751 secs] [Times: user=0,29 sys=0,00, real=0,08 secs] 
275,474: [CMS-concurrent-sweep-start]
275,587: [CMS-concurrent-sweep: 0,113/0,113 secs] [Times: user=0,11 sys=0,00, real=0,11 secs] 
275,587: [CMS-concurrent-reset-start]
275,587: [CMS-concurrent-reset: 0,000/0,000 secs] [Times: user=0,00 sys=0,00, real=0,00 secs] 
277,587: [GC (CMS Initial Mark) [1 CMS-initial-mark: 174783K(174784K)] 251295K(253440K), 0,0991241 secs] [Times: user=0,18 sys=0,00, real=0,10 secs] 
277,686: [CMS-concurrent-mark-start]
277,930: [CMS-concurrent-mark: 0,244/0,244 secs] [Times: user=0,24 sys=0,00, real=0,24 secs] 
277,930: [CMS-concurrent-preclean-start]
277,930: [CMS-concurrent-preclean: 0,001/0,001 secs] [Times: user=0,00 sys=0,00, real=0,00 secs] 
277,931: [CMS-concurrent-abortable-preclean-start]
277,931: [CMS-concurrent-abortable-preclean: 0,000/0,000 secs] [Times: user=0,00 sys=0,00, real=0,00 secs] 
277,931: [GC (CMS Final Remark) [YG occupancy: 76511 K (78656 K)]277,931: [Rescan (parallel) , 0,0771970 secs]278,008: [weak refs processing, 0,0000190 secs]278,008: [class unloading, 0,0015618 secs]278,010: [scrub symbol table, 0,0006907 secs]278,010: [scrub string table, 0,0002863 secs][1 CMS-remark: 174783K(174784K)] 251295K(253440K), 0,0798962 secs] [Times: user=0,30 sys=0,00, real=0,08 secs] 
278,011: [CMS-concurrent-sweep-start]
278,133: [CMS-concurrent-sweep: 0,122/0,122 secs] [Times: user=0,15 sys=0,00, real=0,12 secs] 
278,133: [CMS-concurrent-reset-start]
278,133: [CMS-concurrent-reset: 0,000/0,000 secs] [Times: user=0,00 sys=0,00, real=0,00 secs] 
279,076: [GC (Allocation Failure) 279,076: [ParNew: 78655K->78655K(78656K), 0,0000739 secs]279,076: [CMS: 174783K->174783K(174784K), 0,6478707 secs] 253439K->240994K(253440K), [Metaspace: 9246K->9246K(1058816K)], 0,6482218 secs] [Times: user=0,64 sys=0,00, real=0,64 secs] 
279,725: [GC (CMS Initial Mark) [1 CMS-initial-mark: 174783K(174784K)] 241967K(253440K), 0,0575595 secs] [Times: user=0,06 sys=0,00, real=0,06 secs] 
279,782: [CMS-concurrent-mark-start]
279,985: [CMS-concurrent-mark: 0,203/0,203 secs] [Times: user=0,21 sys=0,00, real=0,20 secs] 
279,985: [CMS-concurrent-preclean-start]
280,229: [CMS-concurrent-preclean: 0,244/0,244 secs] [Times: user=0,24 sys=0,00, real=0,25 secs] 
280,229: [CMS-concurrent-abortable-preclean-start]
280,229: [CMS-concurrent-abortable-preclean: 0,000/0,000 secs] [Times: user=0,00 sys=0,00, real=0,00 secs] 
280,230: [GC (CMS Final Remark) [YG occupancy: 67183 K (78656 K)]280,230: [Rescan (parallel) , 0,0874668 secs]280,317: [weak refs processing, 0,0000303 secs]280,317: [class unloading, 0,0015485 secs]280,319: [scrub symbol table, 0,0007411 secs]280,319: [scrub string table, 0,0002879 secs][1 CMS-remark: 174783K(174784K)] 241967K(253440K), 0,0902540 secs] [Times: user=0,34 sys=0,00, real=0,09 secs] 
280,320: [CMS-concurrent-sweep-start]
280,432: [CMS-concurrent-sweep: 0,112/0,112 secs] [Times: user=0,11 sys=0,00, real=0,11 secs] 
280,432: [CMS-concurrent-reset-start]
280,433: [CMS-concurrent-reset: 0,000/0,000 secs] [Times: user=0,00 sys=0,00, real=0,00 secs] 
282,433: [GC (CMS Initial Mark) [1 CMS-initial-mark: 174783K(174784K)] 244714K(253440K), 0,1299218 secs] [Times: user=0,14 sys=0,00, real=0,13 secs] 
282,563: [CMS-concurrent-mark-start]
282,837: [CMS-concurrent-mark: 0,274/0,274 secs] [Times: user=0,29 sys=0,00, real=0,28 secs] 
282,837: [CMS-concurrent-preclean-start]
282,837: [CMS-concurrent-preclean: 0,001/0,001 secs] [Times: user=0,01 sys=0,00, real=0,00 secs] 
282,837: [CMS-concurrent-abortable-preclean-start]
282,837: [CMS-concurrent-abortable-preclean: 0,000/0,000 secs] [Times: user=0,00 sys=0,00, real=0,00 secs] 
282,838: [GC (CMS Final Remark) [YG occupancy: 71323 K (78656 K)]282,838: [Rescan (parallel) , 0,0901755 secs]282,928: [weak refs processing, 0,0000211 secs]282,928: [class unloading, 0,0016241 secs]282,930: [scrub symbol table, 0,0007158 secs]282,931: [scrub string table, 0,0002836 secs][1 CMS-remark: 174783K(174784K)] 246107K(253440K), 0,0930060 secs] [Times: user=0,32 sys=0,01, real=0,09 secs] 
282,931: [CMS-concurrent-sweep-start]
283,052: [CMS-concurrent-sweep: 0,121/0,121 secs] [Times: user=0,14 sys=0,00, real=0,12 secs] 
283,052: [CMS-concurrent-reset-start]
283,052: [CMS-concurrent-reset: 0,000/0,000 secs] [Times: user=0,00 sys=0,00, real=0,00 secs] 
285,052: [GC (CMS Initial Mark) [1 CMS-initial-mark: 174783K(174784K)] 249112K(253440K), 0,1245086 secs] [Times: user=0,17 sys=0,00, real=0,13 secs] 
285,177: [CMS-concurrent-mark-start]
285,468: [CMS-concurrent-mark: 0,291/0,291 secs] [Times: user=0,29 sys=0,00, real=0,29 secs] 
285,468: [CMS-concurrent-preclean-start]
285,469: [CMS-concurrent-preclean: 0,001/0,001 secs] [Times: user=0,00 sys=0,00, real=0,00 secs] 
285,469: [CMS-concurrent-abortable-preclean-start]
285,469: [CMS-concurrent-abortable-preclean: 0,000/0,000 secs] [Times: user=0,00 sys=0,00, real=0,00 secs] 
285,470: [GC (CMS Final Remark) [YG occupancy: 74328 K (78656 K)]285,470: [Rescan (parallel) , 0,0893325 secs]285,559: [weak refs processing, 0,0000209 secs]285,559: [class unloading, 0,0015284 secs]285,561: [scrub symbol table, 0,0006902 secs]285,561: [scrub string table, 0,0003160 secs][1 CMS-remark: 174783K(174784K)] 249112K(253440K), 0,0920898 secs] [Times: user=0,35 sys=0,00, real=0,09 secs] 
285,562: [CMS-concurrent-sweep-start]
285,674: [CMS-concurrent-sweep: 0,113/0,113 secs] [Times: user=0,11 sys=0,00, real=0,12 secs] 
285,675: [CMS-concurrent-reset-start]
285,675: [CMS-concurrent-reset: 0,000/0,000 secs] [Times: user=0,01 sys=0,00, real=0,00 secs] 
287,674: [GC (CMS Initial Mark) [1 CMS-initial-mark: 174783K(174784K)] 252118K(253440K), 0,1195077 secs] [Times: user=0,16 sys=0,00, real=0,12 secs] 
287,794: [CMS-concurrent-mark-start]
287,996: [CMS-concurrent-mark: 0,202/0,202 secs] [Times: user=0,21 sys=0,00, real=0,20 secs] 
287,996: [CMS-concurrent-preclean-start]
287,997: [CMS-concurrent-preclean: 0,001/0,001 secs] [Times: user=0,00 sys=0,00, real=0,00 secs] 
287,997: [CMS-concurrent-abortable-preclean-start]
287,997: [CMS-concurrent-abortable-preclean: 0,000/0,000 secs] [Times: user=0,00 sys=0,00, real=0,00 secs] 
287,997: [GC (CMS Final Remark) [YG occupancy: 77334 K (78656 K)]287,997: [Rescan (parallel) , 0,0891269 secs]288,086: [weak refs processing, 0,0000193 secs]288,086: [class unloading, 0,0015696 secs]288,088: [scrub symbol table, 0,0006952 secs]288,089: [scrub string table, 0,0002858 secs][1 CMS-remark: 174783K(174784K)] 252118K(253440K), 0,0918374 secs] [Times: user=0,34 sys=0,00, real=0,09 secs] 
288,089: [CMS-concurrent-sweep-start]
288,106: [GC (Allocation Failure) 288,106: [ParNew: 78656K->78656K(78656K), 0,0000386 secs]288,106: [CMS288,202: [CMS-concurrent-sweep: 0,112/0,113 secs] [Times: user=0,13 sys=0,00, real=0,11 secs] 
 (concurrent mode failure): 174783K->174783K(174784K), 0,7565530 secs] 253439K->247039K(253440K), [Metaspace: 9243K->9243K(1058816K)], 0,7567220 secs] [Times: user=0,76 sys=0,00, real=0,75 secs] 
290,862: [GC (CMS Initial Mark) [1 CMS-initial-mark: 174783K(174784K)] 248586K(253440K), 0,1308834 secs] [Times: user=0,15 sys=0,00, real=0,13 secs] 
290,993: [CMS-concurrent-mark-start]
291,207: [CMS-concurrent-mark: 0,214/0,214 secs] [Times: user=0,25 sys=0,00, real=0,22 secs] 
291,207: [CMS-concurrent-preclean-start]
291,448: [CMS-concurrent-preclean: 0,241/0,241 secs] [Times: user=0,24 sys=0,00, real=0,24 secs] 
291,448: [CMS-concurrent-abortable-preclean-start]
291,448: [CMS-concurrent-abortable-preclean: 0,000/0,000 secs] [Times: user=0,00 sys=0,00, real=0,00 secs] 
291,449: [GC (CMS Final Remark) [YG occupancy: 75383 K (78656 K)]291,449: [Rescan (parallel) , 0,0962087 secs]291,545: [weak refs processing, 0,0000188 secs]291,545: [class unloading, 0,0015835 secs]291,546: [scrub symbol table, 0,0006941 secs]291,547: [scrub string table, 0,0002779 secs][1 CMS-remark: 174783K(174784K)] 250167K(253440K), 0,0989617 secs] [Times: user=0,38 sys=0,00, real=0,10 secs] 
291,548: [CMS-concurrent-sweep-start]
291,661: [CMS-concurrent-sweep: 0,113/0,113 secs] [Times: user=0,11 sys=0,00, real=0,11 secs] 
291,661: [CMS-concurrent-reset-start]
291,661: [CMS-concurrent-reset: 0,000/0,000 secs] [Times: user=0,00 sys=0,00, real=0,00 secs] 
293,661: [GC (CMS Initial Mark) [1 CMS-initial-mark: 174783K(174784K)] 252998K(253440K), 0,0935085 secs] [Times: user=0,12 sys=0,00, real=0,10 secs] 
293,755: [CMS-concurrent-mark-start]
294,113: [CMS-concurrent-mark: 0,358/0,358 secs] [Times: user=0,35 sys=0,00, real=0,35 secs] 
294,113: [CMS-concurrent-preclean-start]
294,114: [CMS-concurrent-preclean: 0,001/0,001 secs] [Times: user=0,00 sys=0,00, real=0,01 secs] 
294,114: [CMS-concurrent-abortable-preclean-start]
294,114: [CMS-concurrent-abortable-preclean: 0,000/0,000 secs] [Times: user=0,00 sys=0,00, real=0,00 secs] 
294,114: [GC (CMS Final Remark) [YG occupancy: 78214 K (78656 K)]294,114: [Rescan (parallel) , 0,1012992 secs]294,216: [weak refs processing, 0,0000282 secs]294,216: [class unloading, 0,0015579 secs]294,217: [scrub symbol table, 0,0007350 secs]294,218: [scrub string table, 0,0003700 secs][1 CMS-remark: 174783K(174784K)] 252998K(253440K), 0,1041425 secs] [Times: user=0,40 sys=0,00, real=0,10 secs] 
294,218: [CMS-concurrent-sweep-start]
294,224: [GC (Allocation Failure) 294,224: [ParNew: 78655K->78655K(78656K), 0,0000283 secs]294,224: [CMS294,332: [CMS-concurrent-sweep: 0,113/0,114 secs] [Times: user=0,12 sys=0,00, real=0,11 secs] 
 (concurrent mode failure): 174783K->174783K(174784K), 0,7597141 secs] 253439K->250149K(253440K), [Metaspace: 9243K->9243K(1058816K)], 0,7598700 secs] [Times: user=0,76 sys=0,00, real=0,76 secs] 
296,983: [GC (CMS Initial Mark) [1 CMS-initial-mark: 174783K(174784K)] 252751K(253440K), 0,1305147 secs] [Times: user=0,16 sys=0,00, real=0,14 secs] 
297,114: [CMS-concurrent-mark-start]
297,124: [Full GC (Allocation Failure) 297,124: [CMS297,323: [CMS-concurrent-mark: 0,208/0,209 secs] [Times: user=0,22 sys=0,00, real=0,20 secs] 
 (concurrent mode failure): 174783K->174783K(174784K), 0,9458982 secs] 253439K->251706K(253440K), [Metaspace: 9243K->9243K(1058816K)], 0,9460421 secs] [Times: user=0,94 sys=0,00, real=0,95 secs] 
299,114: [Full GC (Allocation Failure) 299,114: [CMS: 174783K->174783K(174784K), 0,6886062 secs] 253439K->252485K(253440K), [Metaspace: 9243K->9243K(1058816K)], 0,6887503 secs] [Times: user=0,69 sys=0,00, real=0,68 secs] 
299,803: [GC (CMS Initial Mark) [1 CMS-initial-mark: 174783K(174784K)] 252485K(253440K), 0,0605342 secs] [Times: user=0,07 sys=0,00, real=0,06 secs] 
299,864: [CMS-concurrent-mark-start]
300,066: [CMS-concurrent-mark: 0,202/0,202 secs] [Times: user=0,20 sys=0,00, real=0,21 secs] 
300,066: [CMS-concurrent-preclean-start]
300,306: [CMS-concurrent-preclean: 0,239/0,239 secs] [Times: user=0,24 sys=0,00, real=0,24 secs] 
300,306: [CMS-concurrent-abortable-preclean-start]
300,306: [CMS-concurrent-abortable-preclean: 0,000/0,000 secs] [Times: user=0,00 sys=0,00, real=0,00 secs] 
300,306: [GC (CMS Final Remark) [YG occupancy: 78303 K (78656 K)]300,306: [Rescan (parallel) , 0,0940308 secs]300,400: [weak refs processing, 0,0000204 secs]300,400: [class unloading, 0,0015957 secs]300,402: [scrub symbol table, 0,0006848 secs]300,402: [scrub string table, 0,0002794 secs][1 CMS-remark: 174783K(174784K)] 253087K(253440K), 0,0967810 secs] [Times: user=0,36 sys=0,00, real=0,09 secs] 
300,403: [CMS-concurrent-sweep-start]
300,515: [CMS-concurrent-sweep: 0,112/0,112 secs] [Times: user=0,11 sys=0,00, real=0,12 secs] 
300,515: [CMS-concurrent-reset-start]
300,516: [CMS-concurrent-reset: 0,000/0,000 secs] [Times: user=0,00 sys=0,00, real=0,00 secs] 
300,887: [GC (Allocation Failure) 300,887: [ParNew: 78656K->78656K(78656K), 0,0000950 secs]300,887: [CMS: 174783K->174783K(174784K), 0,7254434 secs] 253439K->252961K(253440K), [Metaspace: 9243K->9243K(1058816K)], 0,7257296 secs] [Times: user=0,73 sys=0,00, real=0,72 secs] 
301,613: [GC (CMS Initial Mark) [1 CMS-initial-mark: 174783K(174784K)] 252967K(253440K), 0,0606659 secs] [Times: user=0,06 sys=0,00, real=0,07 secs] 
301,674: [CMS-concurrent-mark-start]
301,675: [Full GC (Allocation Failure) 301,675: [CMS301,973: [CMS-concurrent-mark: 0,299/0,299 secs] [Times: user=0,30 sys=0,00, real=0,29 secs] 
 (concurrent mode failure): 174783K->174783K(174784K), 0,9765626 secs] 253046K->253002K(253440K), [Metaspace: 9243K->9243K(1058816K)], 0,9766623 secs] [Times: user=0,97 sys=0,00, real=0,97 secs] 
302,652: [Full GC (Allocation Failure) 302,652: [CMS: 174783K->174783K(174784K), 0,7482935 secs] 253002K->252973K(253440K), [Metaspace: 9243K->9243K(1058816K)], 0,7484446 secs] [Times: user=0,75 sys=0,00, real=0,75 secs] 
Heap
 par new generation   total 78656K, used 78576K [0x00000000f0000000, 0x00000000f5550000, 0x00000000f5550000)
  eden space 69952K, 100% used [0x00000000f0000000, 0x00000000f4450000, 0x00000000f4450000)
  from space 8704K,  99% used [0x00000000f4cd0000, 0x00000000f553c0c0, 0x00000000f5550000)
  to   space 8704K,   0% used [0x00000000f4450000, 0x00000000f4450000, 0x00000000f4cd0000)
 concurrent mark-sweep generation total 174784K, used 174783K [0x00000000f5550000, 0x0000000100000000, 0x0000000100000000)
 Metaspace       used 9235K, capacity 9512K, committed 9984K, reserved 1058816K
  class space    used 1074K, capacity 1143K, committed 1280K, reserved 1048576K
