Java HotSpot(TM) 64-Bit Server VM (25.151-b12) for linux-amd64 JRE (1.8.0_151-b12), built on Sep  5 2017 19:20:58 by "java_re" with gcc 4.3.0 20080428 (Red Hat 4.3.0-8)
Memory: 4k page, physical 3953108k(243420k free), swap 3921916k(3436716k free)
CommandLine flags: -XX:GCLogFileSize=10485760 -XX:InitialHeapSize=268435456 -XX:MaxHeapSize=268435456 -XX:+PrintGC -XX:+PrintGCDetails -XX:+PrintGCTimeStamps -XX:+UseCompressedClassPointers -XX:+UseCompressedOops -XX:+UseG1GC 
6,296: [GC pause (G1 Evacuation Pause) (young), 0,0532191 secs]
   [Parallel Time: 52,3 ms, GC Workers: 4]
      [GC Worker Start (ms): Min: 6296,5, Avg: 6298,4, Max: 6303,8, Diff: 7,3]
      [Ext Root Scanning (ms): Min: 0,0, Avg: 12,6, Max: 24,5, Diff: 24,5, Sum: 50,4]
      [Update RS (ms): Min: 0,0, Avg: 2,9, Max: 11,7, Diff: 11,7, Sum: 11,7]
         [Processed Buffers: Min: 0, Avg: 1,0, Max: 4, Diff: 4, Sum: 4]
      [Scan RS (ms): Min: 0,0, Avg: 0,0, Max: 0,0, Diff: 0,0, Sum: 0,0]
      [Code Root Scanning (ms): Min: 0,0, Avg: 0,7, Max: 2,9, Diff: 2,9, Sum: 2,9]
      [Object Copy (ms): Min: 26,9, Avg: 33,3, Max: 48,7, Diff: 21,8, Sum: 133,1]
      [Termination (ms): Min: 0,0, Avg: 0,5, Max: 0,7, Diff: 0,7, Sum: 1,9]
         [Termination Attempts: Min: 1, Avg: 7,8, Max: 13, Diff: 12, Sum: 31]
      [GC Worker Other (ms): Min: 0,0, Avg: 0,0, Max: 0,0, Diff: 0,0, Sum: 0,2]
      [GC Worker Total (ms): Min: 44,6, Avg: 50,1, Max: 52,2, Diff: 7,6, Sum: 200,3]
      [GC Worker End (ms): Min: 6348,4, Avg: 6348,5, Max: 6348,7, Diff: 0,3]
   [Code Root Fixup: 0,0 ms]
   [Code Root Purge: 0,0 ms]
   [Clear CT: 0,1 ms]
   [Other: 0,7 ms]
      [Choose CSet: 0,0 ms]
      [Ref Proc: 0,5 ms]
      [Ref Enq: 0,0 ms]
      [Redirty Cards: 0,0 ms]
      [Humongous Register: 0,0 ms]
      [Humongous Reclaim: 0,0 ms]
      [Free CSet: 0,0 ms]
   [Eden: 14,0M(14,0M)->0,0B(10,0M) Survivors: 0,0B->2048,0K Heap: 14,6M(256,0M)->5648,0K(256,0M)]
 [Times: user=0,10 sys=0,06, real=0,05 secs] 
12,405: [GC pause (G1 Evacuation Pause) (young), 0,0425985 secs]
   [Parallel Time: 41,7 ms, GC Workers: 4]
      [GC Worker Start (ms): Min: 12405,5, Avg: 12405,6, Max: 12405,7, Diff: 0,2]
      [Ext Root Scanning (ms): Min: 0,5, Avg: 2,0, Max: 4,9, Diff: 4,4, Sum: 8,1]
      [Update RS (ms): Min: 4,8, Avg: 5,5, Max: 7,0, Diff: 2,2, Sum: 22,1]
         [Processed Buffers: Min: 1, Avg: 1,2, Max: 2, Diff: 1, Sum: 5]
      [Scan RS (ms): Min: 0,1, Avg: 1,8, Max: 3,2, Diff: 3,1, Sum: 7,3]
      [Code Root Scanning (ms): Min: 0,0, Avg: 0,0, Max: 0,1, Diff: 0,1, Sum: 0,1]
      [Object Copy (ms): Min: 31,6, Avg: 32,0, Max: 32,5, Diff: 0,9, Sum: 128,2]
      [Termination (ms): Min: 0,0, Avg: 0,0, Max: 0,0, Diff: 0,0, Sum: 0,0]
         [Termination Attempts: Min: 1, Avg: 2,0, Max: 4, Diff: 3, Sum: 8]
      [GC Worker Other (ms): Min: 0,0, Avg: 0,0, Max: 0,0, Diff: 0,0, Sum: 0,1]
      [GC Worker Total (ms): Min: 41,4, Avg: 41,5, Max: 41,6, Diff: 0,2, Sum: 165,9]
      [GC Worker End (ms): Min: 12447,1, Avg: 12447,1, Max: 12447,1, Diff: 0,0]
   [Code Root Fixup: 0,0 ms]
   [Code Root Purge: 0,0 ms]
   [Clear CT: 0,4 ms]
   [Other: 0,5 ms]
      [Choose CSet: 0,0 ms]
      [Ref Proc: 0,2 ms]
      [Ref Enq: 0,0 ms]
      [Redirty Cards: 0,1 ms]
      [Humongous Register: 0,0 ms]
      [Humongous Reclaim: 0,0 ms]
      [Free CSet: 0,0 ms]
   [Eden: 10,0M(10,0M)->0,0B(13,0M) Survivors: 2048,0K->2048,0K Heap: 16,8M(256,0M)->12,9M(256,0M)]
 [Times: user=0,14 sys=0,02, real=0,04 secs] 
20,491: [GC pause (G1 Evacuation Pause) (young), 0,0358114 secs]
   [Parallel Time: 35,4 ms, GC Workers: 4]
      [GC Worker Start (ms): Min: 20491,4, Avg: 20492,2, Max: 20494,7, Diff: 3,3]
      [Ext Root Scanning (ms): Min: 0,0, Avg: 0,2, Max: 0,3, Diff: 0,3, Sum: 1,0]
      [Update RS (ms): Min: 0,0, Avg: 5,6, Max: 11,9, Diff: 11,9, Sum: 22,5]
         [Processed Buffers: Min: 2, Avg: 2,0, Max: 2, Diff: 0, Sum: 8]
      [Scan RS (ms): Min: 0,0, Avg: 2,3, Max: 4,6, Diff: 4,6, Sum: 9,4]
      [Code Root Scanning (ms): Min: 0,0, Avg: 0,0, Max: 0,0, Diff: 0,0, Sum: 0,0]
      [Object Copy (ms): Min: 23,1, Avg: 26,2, Max: 27,3, Diff: 4,3, Sum: 104,8]
      [Termination (ms): Min: 0,0, Avg: 0,0, Max: 0,0, Diff: 0,0, Sum: 0,0]
         [Termination Attempts: Min: 1, Avg: 6,2, Max: 14, Diff: 13, Sum: 25]
      [GC Worker Other (ms): Min: 0,0, Avg: 0,0, Max: 0,0, Diff: 0,0, Sum: 0,1]
      [GC Worker Total (ms): Min: 32,0, Avg: 34,4, Max: 35,3, Diff: 3,3, Sum: 137,8]
      [GC Worker End (ms): Min: 20526,7, Avg: 20526,7, Max: 20526,7, Diff: 0,0]
   [Code Root Fixup: 0,0 ms]
   [Code Root Purge: 0,0 ms]
   [Clear CT: 0,0 ms]
   [Other: 0,4 ms]
      [Choose CSet: 0,0 ms]
      [Ref Proc: 0,2 ms]
      [Ref Enq: 0,0 ms]
      [Redirty Cards: 0,0 ms]
      [Humongous Register: 0,0 ms]
      [Humongous Reclaim: 0,0 ms]
      [Free CSet: 0,0 ms]
   [Eden: 10,0M(10,0M)->0,0B(23,0M) Survivors: 2048,0K->2048,0K Heap: 25,4M(256,0M)->21,4M(256,0M)]
 [Times: user=0,10 sys=0,01, real=0,04 secs] 
32,649: [GC pause (G1 Evacuation Pause) (young), 0,0286542 secs]
   [Parallel Time: 26,0 ms, GC Workers: 4]
      [GC Worker Start (ms): Min: 32649,3, Avg: 32649,3, Max: 32649,3, Diff: 0,0]
      [Ext Root Scanning (ms): Min: 0,2, Avg: 0,7, Max: 1,8, Diff: 1,5, Sum: 2,9]
      [Update RS (ms): Min: 1,6, Avg: 2,6, Max: 3,1, Diff: 1,5, Sum: 10,5]
         [Processed Buffers: Min: 2, Avg: 3,0, Max: 5, Diff: 3, Sum: 12]
      [Scan RS (ms): Min: 0,3, Avg: 0,5, Max: 0,6, Diff: 0,3, Sum: 1,8]
      [Code Root Scanning (ms): Min: 0,0, Avg: 0,0, Max: 0,1, Diff: 0,1, Sum: 0,1]
      [Object Copy (ms): Min: 21,6, Avg: 21,8, Max: 22,2, Diff: 0,6, Sum: 87,1]
      [Termination (ms): Min: 0,0, Avg: 0,1, Max: 0,3, Diff: 0,3, Sum: 0,4]
         [Termination Attempts: Min: 1, Avg: 1,2, Max: 2, Diff: 1, Sum: 5]
      [GC Worker Other (ms): Min: 0,0, Avg: 0,0, Max: 0,0, Diff: 0,0, Sum: 0,0]
      [GC Worker Total (ms): Min: 25,7, Avg: 25,7, Max: 25,9, Diff: 0,3, Sum: 103,0]
      [GC Worker End (ms): Min: 32675,0, Avg: 32675,1, Max: 32675,2, Diff: 0,2]
   [Code Root Fixup: 0,0 ms]
   [Code Root Purge: 0,0 ms]
   [Clear CT: 0,1 ms]
   [Other: 2,5 ms]
      [Choose CSet: 0,0 ms]
      [Ref Proc: 2,0 ms]
      [Ref Enq: 0,1 ms]
      [Redirty Cards: 0,1 ms]
      [Humongous Register: 0,0 ms]
      [Humongous Reclaim: 0,0 ms]
      [Free CSet: 0,1 ms]
   [Eden: 23,0M(23,0M)->0,0B(24,0M) Survivors: 2048,0K->4096,0K Heap: 44,4M(256,0M)->32,9M(256,0M)]
 [Times: user=0,10 sys=0,00, real=0,03 secs] 
42,647: [GC pause (G1 Evacuation Pause) (young), 0,0868903 secs]
   [Parallel Time: 86,0 ms, GC Workers: 4]
      [GC Worker Start (ms): Min: 42647,0, Avg: 42647,0, Max: 42647,0, Diff: 0,1]
      [Ext Root Scanning (ms): Min: 1,9, Avg: 2,1, Max: 2,3, Diff: 0,3, Sum: 8,4]
      [Update RS (ms): Min: 9,5, Avg: 10,5, Max: 13,2, Diff: 3,7, Sum: 42,2]
         [Processed Buffers: Min: 2, Avg: 4,5, Max: 9, Diff: 7, Sum: 18]
      [Scan RS (ms): Min: 1,4, Avg: 7,7, Max: 13,0, Diff: 11,6, Sum: 30,9]
      [Code Root Scanning (ms): Min: 0,0, Avg: 1,9, Max: 6,2, Diff: 6,2, Sum: 7,6]
      [Object Copy (ms): Min: 59,9, Avg: 63,4, Max: 66,7, Diff: 6,8, Sum: 253,6]
      [Termination (ms): Min: 0,0, Avg: 0,1, Max: 0,2, Diff: 0,2, Sum: 0,6]
         [Termination Attempts: Min: 1, Avg: 7,0, Max: 12, Diff: 11, Sum: 28]
      [GC Worker Other (ms): Min: 0,0, Avg: 0,0, Max: 0,0, Diff: 0,0, Sum: 0,1]
      [GC Worker Total (ms): Min: 85,8, Avg: 85,8, Max: 85,9, Diff: 0,1, Sum: 343,3]
      [GC Worker End (ms): Min: 42732,8, Avg: 42732,8, Max: 42732,9, Diff: 0,1]
   [Code Root Fixup: 0,1 ms]
   [Code Root Purge: 0,0 ms]
   [Clear CT: 0,1 ms]
   [Other: 0,7 ms]
      [Choose CSet: 0,0 ms]
      [Ref Proc: 0,3 ms]
      [Ref Enq: 0,0 ms]
      [Redirty Cards: 0,1 ms]
      [Humongous Register: 0,0 ms]
      [Humongous Reclaim: 0,0 ms]
      [Free CSet: 0,0 ms]
   [Eden: 20,0M(20,0M)->0,0B(33,0M) Survivors: 4096,0K->3072,0K Heap: 57,9M(256,0M)->47,4M(256,0M)]
 [Times: user=0,22 sys=0,05, real=0,09 secs] 
63,868: [GC pause (G1 Evacuation Pause) (young), 0,0960630 secs]
   [Parallel Time: 94,7 ms, GC Workers: 4]
      [GC Worker Start (ms): Min: 63868,0, Avg: 63868,1, Max: 63868,1, Diff: 0,1]
      [Ext Root Scanning (ms): Min: 1,1, Avg: 9,3, Max: 20,0, Diff: 19,0, Sum: 37,3]
      [Update RS (ms): Min: 8,3, Avg: 10,2, Max: 11,0, Diff: 2,7, Sum: 40,7]
         [Processed Buffers: Min: 3, Avg: 4,8, Max: 10, Diff: 7, Sum: 19]
      [Scan RS (ms): Min: 2,1, Avg: 2,8, Max: 4,0, Diff: 1,8, Sum: 11,2]
      [Code Root Scanning (ms): Min: 0,0, Avg: 0,2, Max: 0,5, Diff: 0,5, Sum: 0,9]
      [Object Copy (ms): Min: 62,0, Avg: 71,9, Max: 79,6, Diff: 17,6, Sum: 287,6]
      [Termination (ms): Min: 0,0, Avg: 0,0, Max: 0,0, Diff: 0,0, Sum: 0,1]
         [Termination Attempts: Min: 1, Avg: 1,0, Max: 1, Diff: 0, Sum: 4]
      [GC Worker Other (ms): Min: 0,0, Avg: 0,0, Max: 0,1, Diff: 0,0, Sum: 0,1]
      [GC Worker Total (ms): Min: 94,5, Avg: 94,5, Max: 94,6, Diff: 0,1, Sum: 378,0]
      [GC Worker End (ms): Min: 63962,6, Avg: 63962,6, Max: 63962,6, Diff: 0,0]
   [Code Root Fixup: 0,1 ms]
   [Code Root Purge: 0,0 ms]
   [Clear CT: 0,2 ms]
   [Other: 1,1 ms]
      [Choose CSet: 0,0 ms]
      [Ref Proc: 0,4 ms]
      [Ref Enq: 0,0 ms]
      [Redirty Cards: 0,3 ms]
      [Humongous Register: 0,0 ms]
      [Humongous Reclaim: 0,0 ms]
      [Free CSet: 0,0 ms]
   [Eden: 31,0M(31,0M)->0,0B(32,0M) Survivors: 3072,0K->5120,0K Heap: 78,4M(256,0M)->62,4M(256,0M)]
 [Times: user=0,28 sys=0,06, real=0,10 secs] 
84,110: [GC pause (G1 Evacuation Pause) (young), 0,1042731 secs]
   [Parallel Time: 103,7 ms, GC Workers: 4]
      [GC Worker Start (ms): Min: 84109,7, Avg: 84109,8, Max: 84109,9, Diff: 0,1]
      [Ext Root Scanning (ms): Min: 0,5, Avg: 0,6, Max: 0,8, Diff: 0,3, Sum: 2,4]
      [Update RS (ms): Min: 0,0, Avg: 9,5, Max: 14,0, Diff: 14,0, Sum: 38,2]
         [Processed Buffers: Min: 0, Avg: 4,0, Max: 7, Diff: 7, Sum: 16]
      [Scan RS (ms): Min: 4,2, Avg: 12,7, Max: 15,7, Diff: 11,5, Sum: 50,8]
      [Code Root Scanning (ms): Min: 0,0, Avg: 0,1, Max: 0,3, Diff: 0,3, Sum: 0,4]
      [Object Copy (ms): Min: 73,0, Avg: 80,5, Max: 98,7, Diff: 25,7, Sum: 322,0]
      [Termination (ms): Min: 0,0, Avg: 0,0, Max: 0,0, Diff: 0,0, Sum: 0,0]
         [Termination Attempts: Min: 1, Avg: 1,2, Max: 2, Diff: 1, Sum: 5]
      [GC Worker Other (ms): Min: 0,0, Avg: 0,0, Max: 0,0, Diff: 0,0, Sum: 0,1]
      [GC Worker Total (ms): Min: 103,4, Avg: 103,5, Max: 103,6, Diff: 0,1, Sum: 413,9]
      [GC Worker End (ms): Min: 84213,3, Avg: 84213,3, Max: 84213,3, Diff: 0,0]
   [Code Root Fixup: 0,0 ms]
   [Code Root Purge: 0,0 ms]
   [Clear CT: 0,1 ms]
   [Other: 0,5 ms]
      [Choose CSet: 0,0 ms]
      [Ref Proc: 0,2 ms]
      [Ref Enq: 0,0 ms]
      [Redirty Cards: 0,1 ms]
      [Humongous Register: 0,0 ms]
      [Humongous Reclaim: 0,0 ms]
      [Free CSet: 0,0 ms]
   [Eden: 29,0M(29,0M)->0,0B(40,0M) Survivors: 5120,0K->5120,0K Heap: 101,4M(256,0M)->87,4M(256,0M)]
 [Times: user=0,33 sys=0,05, real=0,11 secs] 
112,376: [GC pause (G1 Evacuation Pause) (young), 0,1401805 secs]
   [Parallel Time: 139,7 ms, GC Workers: 4]
      [GC Worker Start (ms): Min: 112376,5, Avg: 112376,8, Max: 112377,6, Diff: 1,2]
      [Ext Root Scanning (ms): Min: 0,3, Avg: 7,4, Max: 26,2, Diff: 25,8, Sum: 29,5]
      [Update RS (ms): Min: 3,8, Avg: 12,5, Max: 30,0, Diff: 26,2, Sum: 50,1]
         [Processed Buffers: Min: 2, Avg: 5,0, Max: 9, Diff: 7, Sum: 20]
      [Scan RS (ms): Min: 2,9, Avg: 4,7, Max: 5,6, Diff: 2,7, Sum: 18,8]
      [Code Root Scanning (ms): Min: 0,0, Avg: 0,1, Max: 0,2, Diff: 0,2, Sum: 0,5]
      [Object Copy (ms): Min: 104,0, Avg: 114,2, Max: 125,0, Diff: 21,1, Sum: 456,9]
      [Termination (ms): Min: 0,0, Avg: 0,4, Max: 1,0, Diff: 0,9, Sum: 1,5]
         [Termination Attempts: Min: 1, Avg: 20,2, Max: 29, Diff: 28, Sum: 81]
      [GC Worker Other (ms): Min: 0,0, Avg: 0,0, Max: 0,0, Diff: 0,0, Sum: 0,1]
      [GC Worker Total (ms): Min: 138,5, Avg: 139,3, Max: 139,7, Diff: 1,2, Sum: 557,3]
      [GC Worker End (ms): Min: 112516,1, Avg: 112516,1, Max: 112516,1, Diff: 0,0]
   [Code Root Fixup: 0,0 ms]
   [Code Root Purge: 0,0 ms]
   [Clear CT: 0,0 ms]
   [Other: 0,4 ms]
      [Choose CSet: 0,0 ms]
      [Ref Proc: 0,1 ms]
      [Ref Enq: 0,0 ms]
      [Redirty Cards: 0,0 ms]
      [Humongous Register: 0,0 ms]
      [Humongous Reclaim: 0,0 ms]
      [Free CSet: 0,0 ms]
   [Eden: 40,0M(40,0M)->0,0B(37,0M) Survivors: 5120,0K->6144,0K Heap: 127,4M(256,0M)->108,4M(256,0M)]
 [Times: user=0,34 sys=0,17, real=0,14 secs] 
138,678: [GC pause (G1 Evacuation Pause) (young), 0,0929601 secs]
   [Parallel Time: 92,5 ms, GC Workers: 4]
      [GC Worker Start (ms): Min: 138677,7, Avg: 138677,8, Max: 138677,8, Diff: 0,1]
      [Ext Root Scanning (ms): Min: 0,4, Avg: 1,0, Max: 2,3, Diff: 1,9, Sum: 4,0]
      [Update RS (ms): Min: 6,8, Avg: 8,6, Max: 10,5, Diff: 3,7, Sum: 34,4]
         [Processed Buffers: Min: 3, Avg: 4,2, Max: 7, Diff: 4, Sum: 17]
      [Scan RS (ms): Min: 1,8, Avg: 3,5, Max: 5,0, Diff: 3,2, Sum: 14,0]
      [Code Root Scanning (ms): Min: 0,0, Avg: 0,1, Max: 0,1, Diff: 0,1, Sum: 0,3]
      [Object Copy (ms): Min: 78,2, Avg: 79,2, Max: 80,1, Diff: 1,9, Sum: 316,9]
      [Termination (ms): Min: 0,0, Avg: 0,0, Max: 0,0, Diff: 0,0, Sum: 0,0]
         [Termination Attempts: Min: 1, Avg: 1,8, Max: 3, Diff: 2, Sum: 7]
      [GC Worker Other (ms): Min: 0,0, Avg: 0,0, Max: 0,0, Diff: 0,0, Sum: 0,1]
      [GC Worker Total (ms): Min: 92,4, Avg: 92,4, Max: 92,5, Diff: 0,1, Sum: 369,7]
      [GC Worker End (ms): Min: 138770,2, Avg: 138770,2, Max: 138770,2, Diff: 0,0]
   [Code Root Fixup: 0,0 ms]
   [Code Root Purge: 0,0 ms]
   [Clear CT: 0,0 ms]
   [Other: 0,3 ms]
      [Choose CSet: 0,0 ms]
      [Ref Proc: 0,1 ms]
      [Ref Enq: 0,0 ms]
      [Redirty Cards: 0,0 ms]
      [Humongous Register: 0,0 ms]
      [Humongous Reclaim: 0,0 ms]
      [Free CSet: 0,0 ms]
   [Eden: 37,0M(37,0M)->0,0B(45,0M) Survivors: 6144,0K->6144,0K Heap: 145,4M(256,0M)->126,9M(256,0M)]
 [Times: user=0,26 sys=0,07, real=0,09 secs] 
146,819: [GC pause (G1 Humongous Allocation) (young) (initial-mark), 0,0790145 secs]
   [Parallel Time: 78,1 ms, GC Workers: 4]
      [GC Worker Start (ms): Min: 146819,1, Avg: 146819,1, Max: 146819,2, Diff: 0,1]
      [Ext Root Scanning (ms): Min: 0,9, Avg: 1,0, Max: 1,3, Diff: 0,5, Sum: 4,0]
      [Update RS (ms): Min: 18,1, Avg: 20,0, Max: 21,3, Diff: 3,2, Sum: 79,8]
         [Processed Buffers: Min: 4, Avg: 5,2, Max: 7, Diff: 3, Sum: 21]
      [Scan RS (ms): Min: 0,7, Avg: 1,9, Max: 3,8, Diff: 3,2, Sum: 7,6]
      [Code Root Scanning (ms): Min: 0,0, Avg: 0,1, Max: 0,1, Diff: 0,1, Sum: 0,2]
      [Object Copy (ms): Min: 54,5, Avg: 54,9, Max: 55,2, Diff: 0,7, Sum: 219,7]
      [Termination (ms): Min: 0,0, Avg: 0,0, Max: 0,0, Diff: 0,0, Sum: 0,0]
         [Termination Attempts: Min: 1, Avg: 1,2, Max: 2, Diff: 1, Sum: 5]
      [GC Worker Other (ms): Min: 0,0, Avg: 0,0, Max: 0,0, Diff: 0,0, Sum: 0,1]
      [GC Worker Total (ms): Min: 77,8, Avg: 77,9, Max: 77,9, Diff: 0,1, Sum: 311,5]
      [GC Worker End (ms): Min: 146897,0, Avg: 146897,0, Max: 146897,0, Diff: 0,0]
   [Code Root Fixup: 0,1 ms]
   [Code Root Purge: 0,0 ms]
   [Clear CT: 0,2 ms]
   [Other: 0,7 ms]
      [Choose CSet: 0,0 ms]
      [Ref Proc: 0,4 ms]
      [Ref Enq: 0,0 ms]
      [Redirty Cards: 0,1 ms]
      [Humongous Register: 0,0 ms]
      [Humongous Reclaim: 0,0 ms]
      [Free CSet: 0,0 ms]
   [Eden: 13,0M(45,0M)->0,0B(50,0M) Survivors: 6144,0K->7168,0K Heap: 138,9M(256,0M)->134,9M(256,0M)]
 [Times: user=0,28 sys=0,03, real=0,08 secs] 
146,898: [GC concurrent-root-region-scan-start]
146,914: [GC concurrent-root-region-scan-end, 0,0154778 secs]
146,914: [GC concurrent-mark-start]
147,367: [GC concurrent-mark-end, 0,4532281 secs]
147,367: [GC remark 147,367: [Finalize Marking, 0,0004209 secs] 147,476: [GC ref-proc, 0,0003980 secs] 147,476: [Unloading, 0,0058354 secs], 0,1174339 secs]
 [Times: user=0,02 sys=0,00, real=0,12 secs] 
147,485: [GC cleanup 155M->146M(256M), 0,0025221 secs]
 [Times: user=0,01 sys=0,00, real=0,00 secs] 
147,488: [GC concurrent-cleanup-start]
147,488: [GC concurrent-cleanup-end, 0,0000369 secs]
181,154: [GC pause (G1 Evacuation Pause) (young), 0,1315689 secs]
   [Parallel Time: 130,8 ms, GC Workers: 4]
      [GC Worker Start (ms): Min: 181154,4, Avg: 181154,9, Max: 181155,9, Diff: 1,5]
      [Ext Root Scanning (ms): Min: 0,0, Avg: 0,6, Max: 1,0, Diff: 1,0, Sum: 2,2]
      [Update RS (ms): Min: 14,1, Avg: 15,6, Max: 17,9, Diff: 3,8, Sum: 62,4]
         [Processed Buffers: Min: 3, Avg: 5,0, Max: 7, Diff: 4, Sum: 20]
      [Scan RS (ms): Min: 5,7, Avg: 8,1, Max: 9,7, Diff: 4,0, Sum: 32,2]
      [Code Root Scanning (ms): Min: 0,0, Avg: 0,0, Max: 0,1, Diff: 0,1, Sum: 0,1]
      [Object Copy (ms): Min: 105,4, Avg: 105,6, Max: 105,8, Diff: 0,4, Sum: 422,3]
      [Termination (ms): Min: 0,0, Avg: 0,4, Max: 0,5, Diff: 0,5, Sum: 1,4]
         [Termination Attempts: Min: 1, Avg: 1,8, Max: 4, Diff: 3, Sum: 7]
      [GC Worker Other (ms): Min: 0,0, Avg: 0,0, Max: 0,0, Diff: 0,0, Sum: 0,1]
      [GC Worker Total (ms): Min: 129,3, Avg: 130,2, Max: 130,8, Diff: 1,5, Sum: 520,8]
      [GC Worker End (ms): Min: 181285,1, Avg: 181285,1, Max: 181285,1, Diff: 0,0]
   [Code Root Fixup: 0,0 ms]
   [Code Root Purge: 0,0 ms]
   [Clear CT: 0,1 ms]
   [Other: 0,6 ms]
      [Choose CSet: 0,0 ms]
      [Ref Proc: 0,2 ms]
      [Ref Enq: 0,0 ms]
      [Redirty Cards: 0,1 ms]
      [Humongous Register: 0,0 ms]
      [Humongous Reclaim: 0,0 ms]
      [Free CSet: 0,0 ms]
   [Eden: 48,0M(46,0M)->0,0B(39,0M) Survivors: 7168,0K->7168,0K Heap: 193,5M(256,0M)->168,5M(256,0M)]
 [Times: user=0,47 sys=0,03, real=0,13 secs] 
208,448: [GC pause (G1 Evacuation Pause) (young), 0,0821800 secs]
   [Parallel Time: 81,3 ms, GC Workers: 4]
      [GC Worker Start (ms): Min: 208448,4, Avg: 208448,8, Max: 208449,6, Diff: 1,2]
      [Ext Root Scanning (ms): Min: 0,0, Avg: 0,4, Max: 0,7, Diff: 0,7, Sum: 1,7]
      [Update RS (ms): Min: 10,6, Avg: 12,8, Max: 14,0, Diff: 3,3, Sum: 51,3]
         [Processed Buffers: Min: 4, Avg: 4,8, Max: 7, Diff: 3, Sum: 19]
      [Scan RS (ms): Min: 1,4, Avg: 2,2, Max: 4,2, Diff: 2,7, Sum: 8,7]
      [Code Root Scanning (ms): Min: 0,0, Avg: 0,0, Max: 0,0, Diff: 0,0, Sum: 0,0]
      [Object Copy (ms): Min: 65,0, Avg: 65,4, Max: 65,8, Diff: 0,8, Sum: 261,7]
      [Termination (ms): Min: 0,0, Avg: 0,0, Max: 0,0, Diff: 0,0, Sum: 0,0]
         [Termination Attempts: Min: 1, Avg: 3,2, Max: 5, Diff: 4, Sum: 13]
      [GC Worker Other (ms): Min: 0,0, Avg: 0,0, Max: 0,0, Diff: 0,0, Sum: 0,1]
      [GC Worker Total (ms): Min: 80,0, Avg: 80,9, Max: 81,2, Diff: 1,2, Sum: 323,5]
      [GC Worker End (ms): Min: 208529,6, Avg: 208529,6, Max: 208529,6, Diff: 0,0]
   [Code Root Fixup: 0,0 ms]
   [Code Root Purge: 0,0 ms]
   [Clear CT: 0,2 ms]
   [Other: 0,6 ms]
      [Choose CSet: 0,0 ms]
      [Ref Proc: 0,3 ms]
      [Ref Enq: 0,0 ms]
      [Redirty Cards: 0,2 ms]
      [Humongous Register: 0,0 ms]
      [Humongous Reclaim: 0,0 ms]
      [Free CSet: 0,0 ms]
   [Eden: 39,0M(39,0M)->0,0B(26,0M) Survivors: 7168,0K->6144,0K Heap: 207,5M(256,0M)->188,0M(256,0M)]
 [Times: user=0,30 sys=0,03, real=0,08 secs] 
226,644: [GC pause (G1 Evacuation Pause) (young) (initial-mark), 0,0835895 secs]
   [Parallel Time: 82,6 ms, GC Workers: 4]
      [GC Worker Start (ms): Min: 226643,7, Avg: 226644,0, Max: 226644,8, Diff: 1,0]
      [Ext Root Scanning (ms): Min: 0,1, Avg: 1,2, Max: 1,8, Diff: 1,8, Sum: 4,7]
      [Update RS (ms): Min: 17,3, Avg: 19,1, Max: 20,9, Diff: 3,6, Sum: 76,5]
         [Processed Buffers: Min: 4, Avg: 6,0, Max: 9, Diff: 5, Sum: 24]
      [Scan RS (ms): Min: 0,4, Avg: 1,8, Max: 3,2, Diff: 2,7, Sum: 7,3]
      [Code Root Scanning (ms): Min: 0,0, Avg: 0,0, Max: 0,0, Diff: 0,0, Sum: 0,0]
      [Object Copy (ms): Min: 60,0, Avg: 60,1, Max: 60,2, Diff: 0,2, Sum: 240,3]
      [Termination (ms): Min: 0,0, Avg: 0,0, Max: 0,0, Diff: 0,0, Sum: 0,1]
         [Termination Attempts: Min: 1, Avg: 1,0, Max: 1, Diff: 0, Sum: 4]
      [GC Worker Other (ms): Min: 0,0, Avg: 0,0, Max: 0,0, Diff: 0,0, Sum: 0,1]
      [GC Worker Total (ms): Min: 81,5, Avg: 82,2, Max: 82,5, Diff: 1,0, Sum: 328,9]
      [GC Worker End (ms): Min: 226726,2, Avg: 226726,3, Max: 226726,3, Diff: 0,0]
   [Code Root Fixup: 0,0 ms]
   [Code Root Purge: 0,0 ms]
   [Clear CT: 0,3 ms]
   [Other: 0,6 ms]
      [Choose CSet: 0,0 ms]
      [Ref Proc: 0,1 ms]
      [Ref Enq: 0,0 ms]
      [Redirty Cards: 0,3 ms]
      [Humongous Register: 0,0 ms]
      [Humongous Reclaim: 0,0 ms]
      [Free CSet: 0,0 ms]
   [Eden: 26,0M(26,0M)->0,0B(17,0M) Survivors: 6144,0K->4096,0K Heap: 214,0M(256,0M)->202,0M(256,0M)]
 [Times: user=0,30 sys=0,00, real=0,08 secs] 
226,727: [GC concurrent-root-region-scan-start]
226,734: [GC concurrent-root-region-scan-end, 0,0065570 secs]
226,734: [GC concurrent-mark-start]
227,350: [GC concurrent-mark-end, 0,6161334 secs]
227,350: [GC remark 227,350: [Finalize Marking, 0,0003537 secs] 227,351: [GC ref-proc, 0,0001871 secs] 227,351: [Unloading, 0,0019832 secs], 0,0036926 secs]
 [Times: user=0,02 sys=0,00, real=0,01 secs] 
227,354: [GC cleanup 202M->192M(256M), 0,0006295 secs]
 [Times: user=0,00 sys=0,00, real=0,00 secs] 
227,355: [GC concurrent-cleanup-start]
227,355: [GC concurrent-cleanup-end, 0,0000143 secs]
238,806: [GC pause (G1 Evacuation Pause) (young), 0,0678380 secs]
   [Parallel Time: 67,4 ms, GC Workers: 4]
      [GC Worker Start (ms): Min: 238806,2, Avg: 238806,2, Max: 238806,2, Diff: 0,1]
      [Ext Root Scanning (ms): Min: 0,6, Avg: 0,6, Max: 0,7, Diff: 0,1, Sum: 2,5]
      [Update RS (ms): Min: 24,5, Avg: 25,7, Max: 27,0, Diff: 2,5, Sum: 102,7]
         [Processed Buffers: Min: 6, Avg: 7,0, Max: 9, Diff: 3, Sum: 28]
      [Scan RS (ms): Min: 0,0, Avg: 0,0, Max: 0,0, Diff: 0,0, Sum: 0,0]
      [Code Root Scanning (ms): Min: 0,0, Avg: 0,0, Max: 0,0, Diff: 0,0, Sum: 0,0]
      [Object Copy (ms): Min: 39,6, Avg: 40,9, Max: 42,1, Diff: 2,5, Sum: 163,7]
      [Termination (ms): Min: 0,0, Avg: 0,0, Max: 0,0, Diff: 0,0, Sum: 0,0]
         [Termination Attempts: Min: 1, Avg: 3,0, Max: 4, Diff: 3, Sum: 12]
      [GC Worker Other (ms): Min: 0,0, Avg: 0,0, Max: 0,0, Diff: 0,0, Sum: 0,1]
      [GC Worker Total (ms): Min: 67,2, Avg: 67,2, Max: 67,3, Diff: 0,1, Sum: 269,0]
      [GC Worker End (ms): Min: 238873,4, Avg: 238873,4, Max: 238873,4, Diff: 0,0]
   [Code Root Fixup: 0,0 ms]
   [Code Root Purge: 0,0 ms]
   [Clear CT: 0,1 ms]
   [Other: 0,4 ms]
      [Choose CSet: 0,0 ms]
      [Ref Proc: 0,1 ms]
      [Ref Enq: 0,0 ms]
      [Redirty Cards: 0,0 ms]
      [Humongous Register: 0,0 ms]
      [Humongous Reclaim: 0,0 ms]
      [Free CSet: 0,0 ms]
   [Eden: 17,0M(17,0M)->0,0B(9216,0K) Survivors: 4096,0K->3072,0K Heap: 209,0M(256,0M)->201,5M(256,0M)]
 [Times: user=0,26 sys=0,00, real=0,07 secs] 
245,916: [GC pause (G1 Evacuation Pause) (mixed), 0,0541093 secs]
   [Parallel Time: 53,0 ms, GC Workers: 4]
      [GC Worker Start (ms): Min: 245916,1, Avg: 245916,2, Max: 245916,3, Diff: 0,1]
      [Ext Root Scanning (ms): Min: 0,6, Avg: 0,7, Max: 0,8, Diff: 0,1, Sum: 2,8]
      [Update RS (ms): Min: 17,5, Avg: 19,1, Max: 20,1, Diff: 2,6, Sum: 76,5]
         [Processed Buffers: Min: 4, Avg: 5,0, Max: 6, Diff: 2, Sum: 20]
      [Scan RS (ms): Min: 0,0, Avg: 0,6, Max: 2,2, Diff: 2,2, Sum: 2,2]
      [Code Root Scanning (ms): Min: 0,0, Avg: 0,0, Max: 0,0, Diff: 0,0, Sum: 0,0]
      [Object Copy (ms): Min: 32,0, Avg: 32,4, Max: 33,0, Diff: 0,9, Sum: 129,7]
      [Termination (ms): Min: 0,0, Avg: 0,0, Max: 0,0, Diff: 0,0, Sum: 0,0]
         [Termination Attempts: Min: 1, Avg: 6,0, Max: 9, Diff: 8, Sum: 24]
      [GC Worker Other (ms): Min: 0,0, Avg: 0,0, Max: 0,0, Diff: 0,0, Sum: 0,1]
      [GC Worker Total (ms): Min: 52,8, Avg: 52,8, Max: 52,9, Diff: 0,1, Sum: 211,3]
      [GC Worker End (ms): Min: 245969,0, Avg: 245969,0, Max: 245969,0, Diff: 0,0]
   [Code Root Fixup: 0,0 ms]
   [Code Root Purge: 0,0 ms]
   [Clear CT: 0,5 ms]
   [Other: 0,6 ms]
      [Choose CSet: 0,0 ms]
      [Ref Proc: 0,2 ms]
      [Ref Enq: 0,0 ms]
      [Redirty Cards: 0,2 ms]
      [Humongous Register: 0,0 ms]
      [Humongous Reclaim: 0,0 ms]
      [Free CSet: 0,0 ms]
   [Eden: 9216,0K(9216,0K)->0,0B(16,0M) Survivors: 3072,0K->2048,0K Heap: 210,5M(256,0M)->205,0M(256,0M)]
 [Times: user=0,20 sys=0,00, real=0,05 secs] 
257,038: [GC pause (G1 Evacuation Pause) (young), 0,0394248 secs]
   [Parallel Time: 38,4 ms, GC Workers: 4]
      [GC Worker Start (ms): Min: 257038,1, Avg: 257038,2, Max: 257038,2, Diff: 0,1]
      [Ext Root Scanning (ms): Min: 0,5, Avg: 0,5, Max: 0,6, Diff: 0,1, Sum: 2,1]
      [Update RS (ms): Min: 10,6, Avg: 11,6, Max: 12,7, Diff: 2,0, Sum: 46,2]
         [Processed Buffers: Min: 4, Avg: 5,0, Max: 8, Diff: 4, Sum: 20]
      [Scan RS (ms): Min: 0,0, Avg: 0,0, Max: 0,0, Diff: 0,0, Sum: 0,0]
      [Code Root Scanning (ms): Min: 0,0, Avg: 0,0, Max: 0,0, Diff: 0,0, Sum: 0,0]
      [Object Copy (ms): Min: 25,0, Avg: 26,1, Max: 27,1, Diff: 2,0, Sum: 104,5]
      [Termination (ms): Min: 0,0, Avg: 0,0, Max: 0,0, Diff: 0,0, Sum: 0,0]
         [Termination Attempts: Min: 1, Avg: 2,5, Max: 4, Diff: 3, Sum: 10]
      [GC Worker Other (ms): Min: 0,0, Avg: 0,0, Max: 0,0, Diff: 0,0, Sum: 0,1]
      [GC Worker Total (ms): Min: 38,2, Avg: 38,2, Max: 38,3, Diff: 0,1, Sum: 152,9]
      [GC Worker End (ms): Min: 257076,4, Avg: 257076,4, Max: 257076,4, Diff: 0,0]
   [Code Root Fixup: 0,0 ms]
   [Code Root Purge: 0,0 ms]
   [Clear CT: 0,4 ms]
   [Other: 0,7 ms]
      [Choose CSet: 0,0 ms]
      [Ref Proc: 0,2 ms]
      [Ref Enq: 0,0 ms]
      [Redirty Cards: 0,3 ms]
      [Humongous Register: 0,0 ms]
      [Humongous Reclaim: 0,0 ms]
      [Free CSet: 0,0 ms]
   [Eden: 16,0M(16,0M)->0,0B(10,0M) Survivors: 2048,0K->3072,0K Heap: 221,0M(256,0M)->213,0M(256,0M)]
 [Times: user=0,15 sys=0,00, real=0,04 secs] 
264,130: [GC pause (G1 Evacuation Pause) (young) (initial-mark), 0,0382983 secs]
   [Parallel Time: 37,8 ms, GC Workers: 4]
      [GC Worker Start (ms): Min: 264130,1, Avg: 264130,3, Max: 264130,9, Diff: 0,9]
      [Ext Root Scanning (ms): Min: 0,1, Avg: 0,7, Max: 0,9, Diff: 0,9, Sum: 2,8]
      [Update RS (ms): Min: 14,9, Avg: 16,5, Max: 18,1, Diff: 3,1, Sum: 65,9]
         [Processed Buffers: Min: 3, Avg: 4,5, Max: 6, Diff: 3, Sum: 18]
      [Scan RS (ms): Min: 0,0, Avg: 0,0, Max: 0,0, Diff: 0,0, Sum: 0,0]
      [Code Root Scanning (ms): Min: 0,0, Avg: 0,0, Max: 0,0, Diff: 0,0, Sum: 0,0]
      [Object Copy (ms): Min: 18,6, Avg: 20,2, Max: 21,8, Diff: 3,2, Sum: 80,8]
      [Termination (ms): Min: 0,0, Avg: 0,0, Max: 0,0, Diff: 0,0, Sum: 0,0]
         [Termination Attempts: Min: 1, Avg: 1,0, Max: 1, Diff: 0, Sum: 4]
      [GC Worker Other (ms): Min: 0,0, Avg: 0,0, Max: 0,0, Diff: 0,0, Sum: 0,1]
      [GC Worker Total (ms): Min: 36,8, Avg: 37,4, Max: 37,7, Diff: 0,9, Sum: 149,7]
      [GC Worker End (ms): Min: 264167,7, Avg: 264167,7, Max: 264167,7, Diff: 0,0]
   [Code Root Fixup: 0,0 ms]
   [Code Root Purge: 0,0 ms]
   [Clear CT: 0,1 ms]
   [Other: 0,4 ms]
      [Choose CSet: 0,0 ms]
      [Ref Proc: 0,2 ms]
      [Ref Enq: 0,0 ms]
      [Redirty Cards: 0,1 ms]
      [Humongous Register: 0,0 ms]
      [Humongous Reclaim: 0,0 ms]
      [Free CSet: 0,0 ms]
   [Eden: 10,0M(10,0M)->0,0B(10,0M) Survivors: 3072,0K->2048,0K Heap: 223,0M(256,0M)->219,0M(256,0M)]
 [Times: user=0,14 sys=0,00, real=0,04 secs] 
264,168: [GC concurrent-root-region-scan-start]
264,172: [GC concurrent-root-region-scan-end, 0,0034775 secs]
264,172: [GC concurrent-mark-start]
264,870: [GC concurrent-mark-end, 0,6980367 secs]
264,870: [GC remark 264,870: [Finalize Marking, 0,0001764 secs] 264,870: [GC ref-proc, 0,0001085 secs] 264,870: [Unloading, 0,0019118 secs], 0,0030488 secs]
 [Times: user=0,00 sys=0,00, real=0,00 secs] 
264,873: [GC cleanup 219M->219M(256M), 0,0004806 secs]
 [Times: user=0,00 sys=0,00, real=0,01 secs] 
271,199: [GC pause (G1 Evacuation Pause) (young), 0,0421514 secs]
   [Parallel Time: 41,6 ms, GC Workers: 4]
      [GC Worker Start (ms): Min: 271199,2, Avg: 271199,3, Max: 271199,3, Diff: 0,1]
      [Ext Root Scanning (ms): Min: 0,6, Avg: 0,6, Max: 0,6, Diff: 0,1, Sum: 2,4]
      [Update RS (ms): Min: 12,1, Avg: 14,2, Max: 15,1, Diff: 3,0, Sum: 57,0]
         [Processed Buffers: Min: 3, Avg: 3,8, Max: 4, Diff: 1, Sum: 15]
      [Scan RS (ms): Min: 0,0, Avg: 0,0, Max: 0,0, Diff: 0,0, Sum: 0,0]
      [Code Root Scanning (ms): Min: 0,0, Avg: 0,0, Max: 0,0, Diff: 0,0, Sum: 0,0]
      [Object Copy (ms): Min: 25,6, Avg: 26,4, Max: 28,6, Diff: 3,0, Sum: 105,8]
      [Termination (ms): Min: 0,0, Avg: 0,0, Max: 0,0, Diff: 0,0, Sum: 0,0]
         [Termination Attempts: Min: 1, Avg: 3,5, Max: 7, Diff: 6, Sum: 14]
      [GC Worker Other (ms): Min: 0,0, Avg: 0,0, Max: 0,0, Diff: 0,0, Sum: 0,1]
      [GC Worker Total (ms): Min: 41,3, Avg: 41,3, Max: 41,4, Diff: 0,1, Sum: 165,3]
      [GC Worker End (ms): Min: 271240,6, Avg: 271240,6, Max: 271240,6, Diff: 0,0]
   [Code Root Fixup: 0,0 ms]
   [Code Root Purge: 0,0 ms]
   [Clear CT: 0,2 ms]
   [Other: 0,4 ms]
      [Choose CSet: 0,0 ms]
      [Ref Proc: 0,2 ms]
      [Ref Enq: 0,0 ms]
      [Redirty Cards: 0,1 ms]
      [Humongous Register: 0,0 ms]
      [Humongous Reclaim: 0,0 ms]
      [Free CSet: 0,0 ms]
   [Eden: 10,0M(10,0M)->0,0B(10,0M) Survivors: 2048,0K->2048,0K Heap: 229,0M(256,0M)->225,0M(256,0M)]
 [Times: user=0,16 sys=0,00, real=0,04 secs] 
278,281: [GC pause (G1 Evacuation Pause) (mixed), 0,0419598 secs]
   [Parallel Time: 41,3 ms, GC Workers: 4]
      [GC Worker Start (ms): Min: 278281,3, Avg: 278281,4, Max: 278281,6, Diff: 0,3]
      [Ext Root Scanning (ms): Min: 0,3, Avg: 0,5, Max: 0,6, Diff: 0,3, Sum: 2,0]
      [Update RS (ms): Min: 12,4, Avg: 13,1, Max: 14,8, Diff: 2,3, Sum: 52,6]
         [Processed Buffers: Min: 3, Avg: 4,5, Max: 8, Diff: 5, Sum: 18]
      [Scan RS (ms): Min: 0,0, Avg: 1,7, Max: 3,0, Diff: 3,0, Sum: 7,0]
      [Code Root Scanning (ms): Min: 0,0, Avg: 0,0, Max: 0,0, Diff: 0,0, Sum: 0,0]
      [Object Copy (ms): Min: 24,7, Avg: 25,6, Max: 26,4, Diff: 1,7, Sum: 102,5]
      [Termination (ms): Min: 0,0, Avg: 0,0, Max: 0,0, Diff: 0,0, Sum: 0,0]
         [Termination Attempts: Min: 1, Avg: 1,0, Max: 1, Diff: 0, Sum: 4]
      [GC Worker Other (ms): Min: 0,0, Avg: 0,0, Max: 0,0, Diff: 0,0, Sum: 0,1]
      [GC Worker Total (ms): Min: 40,9, Avg: 41,0, Max: 41,1, Diff: 0,3, Sum: 164,2]
      [GC Worker End (ms): Min: 278322,4, Avg: 278322,4, Max: 278322,4, Diff: 0,0]
   [Code Root Fixup: 0,0 ms]
   [Code Root Purge: 0,0 ms]
   [Clear CT: 0,1 ms]
   [Other: 0,5 ms]
      [Choose CSet: 0,0 ms]
      [Ref Proc: 0,3 ms]
      [Ref Enq: 0,0 ms]
      [Redirty Cards: 0,1 ms]
      [Humongous Register: 0,0 ms]
      [Humongous Reclaim: 0,0 ms]
      [Free CSet: 0,0 ms]
   [Eden: 10,0M(10,0M)->0,0B(10,0M) Survivors: 2048,0K->2048,0K Heap: 235,0M(256,0M)->227,0M(256,0M)]
 [Times: user=0,16 sys=0,00, real=0,05 secs] 
285,366: [GC pause (G1 Evacuation Pause) (young), 0,0464885 secs]
   [Parallel Time: 45,6 ms, GC Workers: 4]
      [GC Worker Start (ms): Min: 285365,9, Avg: 285366,0, Max: 285366,0, Diff: 0,1]
      [Ext Root Scanning (ms): Min: 0,6, Avg: 0,6, Max: 0,7, Diff: 0,1, Sum: 2,5]
      [Update RS (ms): Min: 13,6, Avg: 14,7, Max: 16,3, Diff: 2,6, Sum: 58,9]
         [Processed Buffers: Min: 3, Avg: 4,2, Max: 6, Diff: 3, Sum: 17]
      [Scan RS (ms): Min: 0,0, Avg: 0,0, Max: 0,0, Diff: 0,0, Sum: 0,0]
      [Code Root Scanning (ms): Min: 0,0, Avg: 0,0, Max: 0,0, Diff: 0,0, Sum: 0,0]
      [Object Copy (ms): Min: 28,6, Avg: 30,0, Max: 31,1, Diff: 2,6, Sum: 120,2]
      [Termination (ms): Min: 0,0, Avg: 0,0, Max: 0,0, Diff: 0,0, Sum: 0,0]
         [Termination Attempts: Min: 1, Avg: 1,5, Max: 2, Diff: 1, Sum: 6]
      [GC Worker Other (ms): Min: 0,0, Avg: 0,0, Max: 0,0, Diff: 0,0, Sum: 0,1]
      [GC Worker Total (ms): Min: 45,4, Avg: 45,4, Max: 45,5, Diff: 0,1, Sum: 181,7]
      [GC Worker End (ms): Min: 285411,4, Avg: 285411,4, Max: 285411,4, Diff: 0,0]
   [Code Root Fixup: 0,0 ms]
   [Code Root Purge: 0,0 ms]
   [Clear CT: 0,2 ms]
   [Other: 0,6 ms]
      [Choose CSet: 0,0 ms]
      [Ref Proc: 0,4 ms]
      [Ref Enq: 0,0 ms]
      [Redirty Cards: 0,1 ms]
      [Humongous Register: 0,0 ms]
      [Humongous Reclaim: 0,0 ms]
      [Free CSet: 0,0 ms]
   [Eden: 10,0M(10,0M)->0,0B(10,0M) Survivors: 2048,0K->2048,0K Heap: 237,0M(256,0M)->233,0M(256,0M)]
 [Times: user=0,18 sys=0,00, real=0,04 secs] 
292,458: [GC pause (G1 Evacuation Pause) (young) (initial-mark), 0,0478793 secs]
   [Parallel Time: 46,7 ms, GC Workers: 4]
      [GC Worker Start (ms): Min: 292458,5, Avg: 292458,6, Max: 292458,6, Diff: 0,1]
      [Ext Root Scanning (ms): Min: 0,7, Avg: 0,8, Max: 0,9, Diff: 0,2, Sum: 3,0]
      [Update RS (ms): Min: 14,3, Avg: 14,4, Max: 14,7, Diff: 0,4, Sum: 57,7]
         [Processed Buffers: Min: 3, Avg: 3,8, Max: 5, Diff: 2, Sum: 15]
      [Scan RS (ms): Min: 0,0, Avg: 0,0, Max: 0,0, Diff: 0,0, Sum: 0,0]
      [Code Root Scanning (ms): Min: 0,0, Avg: 0,0, Max: 0,0, Diff: 0,0, Sum: 0,0]
      [Object Copy (ms): Min: 31,0, Avg: 31,2, Max: 31,4, Diff: 0,4, Sum: 124,9]
      [Termination (ms): Min: 0,0, Avg: 0,0, Max: 0,0, Diff: 0,0, Sum: 0,0]
         [Termination Attempts: Min: 1, Avg: 1,0, Max: 1, Diff: 0, Sum: 4]
      [GC Worker Other (ms): Min: 0,0, Avg: 0,0, Max: 0,0, Diff: 0,0, Sum: 0,1]
      [GC Worker Total (ms): Min: 46,4, Avg: 46,5, Max: 46,5, Diff: 0,1, Sum: 185,8]
      [GC Worker End (ms): Min: 292505,0, Avg: 292505,0, Max: 292505,0, Diff: 0,0]
   [Code Root Fixup: 0,0 ms]
   [Code Root Purge: 0,0 ms]
   [Clear CT: 0,3 ms]
   [Other: 0,9 ms]
      [Choose CSet: 0,0 ms]
      [Ref Proc: 0,3 ms]
      [Ref Enq: 0,0 ms]
      [Redirty Cards: 0,4 ms]
      [Humongous Register: 0,0 ms]
      [Humongous Reclaim: 0,0 ms]
      [Free CSet: 0,0 ms]
   [Eden: 10,0M(10,0M)->0,0B(10,0M) Survivors: 2048,0K->2048,0K Heap: 243,0M(256,0M)->239,0M(256,0M)]
 [Times: user=0,18 sys=0,00, real=0,05 secs] 
292,506: [GC concurrent-root-region-scan-start]
292,512: [GC concurrent-root-region-scan-end, 0,0054743 secs]
292,512: [GC concurrent-mark-start]
293,346: [GC concurrent-mark-end, 0,8344660 secs]
293,347: [GC remark 293,347: [Finalize Marking, 0,0003798 secs] 293,347: [GC ref-proc, 0,0003245 secs] 293,348: [Unloading, 0,0023859 secs], 0,0044319 secs]
 [Times: user=0,01 sys=0,00, real=0,00 secs] 
293,352: [GC cleanup 239M->239M(256M), 0,0010276 secs]
 [Times: user=0,01 sys=0,00, real=0,00 secs] 
294,516: [GC pause (G1 Humongous Allocation) (young), 0,0178291 secs]
   [Parallel Time: 17,2 ms, GC Workers: 4]
      [GC Worker Start (ms): Min: 294516,3, Avg: 294516,5, Max: 294517,2, Diff: 1,0]
      [Ext Root Scanning (ms): Min: 0,0, Avg: 0,5, Max: 0,7, Diff: 0,6, Sum: 1,8]
      [Update RS (ms): Min: 5,7, Avg: 6,2, Max: 7,0, Diff: 1,3, Sum: 25,0]
         [Processed Buffers: Min: 2, Avg: 3,0, Max: 5, Diff: 3, Sum: 12]
      [Scan RS (ms): Min: 0,0, Avg: 0,0, Max: 0,0, Diff: 0,0, Sum: 0,0]
      [Code Root Scanning (ms): Min: 0,0, Avg: 0,0, Max: 0,0, Diff: 0,0, Sum: 0,0]
      [Object Copy (ms): Min: 9,4, Avg: 10,1, Max: 10,7, Diff: 1,3, Sum: 40,4]
      [Termination (ms): Min: 0,0, Avg: 0,0, Max: 0,0, Diff: 0,0, Sum: 0,0]
         [Termination Attempts: Min: 1, Avg: 2,5, Max: 5, Diff: 4, Sum: 10]
      [GC Worker Other (ms): Min: 0,0, Avg: 0,0, Max: 0,0, Diff: 0,0, Sum: 0,1]
      [GC Worker Total (ms): Min: 16,1, Avg: 16,8, Max: 17,1, Diff: 1,0, Sum: 67,3]
      [GC Worker End (ms): Min: 294533,3, Avg: 294533,3, Max: 294533,3, Diff: 0,0]
   [Code Root Fixup: 0,0 ms]
   [Code Root Purge: 0,0 ms]
   [Clear CT: 0,1 ms]
   [Other: 0,5 ms]
      [Choose CSet: 0,0 ms]
      [Ref Proc: 0,2 ms]
      [Ref Enq: 0,0 ms]
      [Redirty Cards: 0,1 ms]
      [Humongous Register: 0,0 ms]
      [Humongous Reclaim: 0,0 ms]
      [Free CSet: 0,0 ms]
   [Eden: 3072,0K(10,0M)->0,0B(10,0M) Survivors: 2048,0K->2048,0K Heap: 241,5M(256,0M)->242,0M(256,0M)]
 [Times: user=0,07 sys=0,00, real=0,02 secs] 
294,534: [Full GC (Allocation Failure)  242M->221M(256M), 0,9313309 secs]
   [Eden: 1024,0K(10,0M)->0,0B(12,0M) Survivors: 2048,0K->0,0B Heap: 242,0M(256,0M)->221,7M(256,0M)], [Metaspace: 9238K->9234K(1058816K)]
 [Times: user=1,56 sys=0,00, real=0,93 secs] 
295,466: [Full GC (Allocation Failure)  221M->221M(256M), 0,9566501 secs]
   [Eden: 0,0B(12,0M)->0,0B(12,0M) Survivors: 0,0B->0,0B Heap: 221,7M(256,0M)->221,7M(256,0M)], [Metaspace: 9234K->9165K(1058816K)]
 [Times: user=1,58 sys=0,00, real=0,96 secs] 
Heap
 garbage-first heap   total 262144K, used 227004K [0x00000000f0000000, 0x00000000f0100800, 0x0000000100000000)
  region size 1024K, 1 young (1024K), 0 survivors (0K)
 Metaspace       used 9184K, capacity 9458K, committed 9984K, reserved 1058816K
  class space    used 1069K, capacity 1134K, committed 1280K, reserved 1048576K
