Java HotSpot(TM) 64-Bit Server VM (25.151-b12) for linux-amd64 JRE (1.8.0_151-b12), built on Sep  5 2017 19:20:58 by "java_re" with gcc 4.3.0 20080428 (Red Hat 4.3.0-8)
Memory: 4k page, physical 3953044k(198184k free), swap 3921916k(1956276k free)
CommandLine flags: -XX:GCLogFileSize=10485760 -XX:InitialHeapSize=268435456 -XX:MaxHeapSize=268435456 -XX:+PrintGC -XX:+PrintGCDetails -XX:+PrintGCTimeStamps -XX:+UseCompressedClassPointers -XX:+UseCompressedOops -XX:+UseSerialGC 
37,636: [GC (Allocation Failure) 37,636: [DefNew: 69952K->8703K(78656K), 0,1412871 secs] 69952K->31917K(253440K), 0,1420880 secs] [Times: user=0,09 sys=0,04, real=0,14 secs] 
80,979: [GC (Allocation Failure) 80,979: [DefNew: 78655K->8704K(78656K), 0,1854897 secs] 101869K->66892K(253440K), 0,1856224 secs] [Times: user=0,11 sys=0,07, real=0,19 secs] 
130,382: [GC (Allocation Failure) 130,382: [DefNew: 78656K->8704K(78656K), 0,2023594 secs] 136844K->101867K(253440K), 0,2025127 secs] [Times: user=0,16 sys=0,05, real=0,20 secs] 
165,768: [GC (Allocation Failure) 165,768: [DefNew: 78656K->8704K(78656K), 0,1727435 secs] 171819K->147082K(253440K), 0,1728448 secs] [Times: user=0,11 sys=0,06, real=0,18 secs] 
216,202: [GC (Allocation Failure) 216,202: [DefNew: 78656K->78656K(78656K), 0,0000627 secs]216,202: [Tenured: 138378K->171816K(174784K), 0,4997367 secs] 217034K->171816K(253440K), [Metaspace: 3263K->3263K(1056768K)], 0,5005530 secs] [Times: user=0,47 sys=0,03, real=0,50 secs] 
266,979: [GC (Allocation Failure) 266,981: [DefNew: 69952K->69952K(78656K), 0,0021962 secs]266,983: [Tenured: 171816K->174784K(174784K), 1,2047948 secs] 241768K->206791K(253440K), [Metaspace: 3263K->3263K(1056768K)], 1,2100581 secs] [Times: user=0,64 sys=0,02, real=1,20 secs] 
295,370: [Full GC (Allocation Failure) 295,370: [Tenured: 174784K->174784K(174784K), 0,6500243 secs] 245941K->225666K(253440K), [Metaspace: 3264K->3264K(1056768K)], 0,6501859 secs] [Times: user=0,64 sys=0,00, real=0,66 secs] 
296,020: [Full GC (Allocation Failure) 296,020: [Tenured: 174784K->174784K(174784K), 0,5746273 secs] 225666K->225641K(253440K), [Metaspace: 3264K->3264K(1056768K)], 0,5747234 secs] [Times: user=0,58 sys=0,00, real=0,57 secs] 
Heap
 def new generation   total 78656K, used 53428K [0x00000000f0000000, 0x00000000f5550000, 0x00000000f5550000)
  eden space 69952K,  76% used [0x00000000f0000000, 0x00000000f342d150, 0x00000000f4450000)
  from space 8704K,   0% used [0x00000000f4450000, 0x00000000f4450000, 0x00000000f4cd0000)
  to   space 8704K,   0% used [0x00000000f4cd0000, 0x00000000f4cd0000, 0x00000000f5550000)
 tenured generation   total 174784K, used 174784K [0x00000000f5550000, 0x0000000100000000, 0x0000000100000000)
   the space 174784K, 100% used [0x00000000f5550000, 0x0000000100000000, 0x0000000100000000, 0x0000000100000000)
 Metaspace       used 3296K, capacity 4500K, committed 4864K, reserved 1056768K
  class space    used 361K, capacity 388K, committed 512K, reserved 1048576K
